Launching defaultServer (WebSphere Application Server 26.0.0.5/wlp-1.0.113.cl260520260430-1602) on Eclipse OpenJ9 VM, version 21.0.11+10-LTS (en)
[6/2/26, 18:06:25:524 UTC] 00000002 com.ibm.ws.kernel.launch.internal.FrameworkManager           A CWWKE0001I: The server defaultServer has been launched.
[6/2/26, 18:06:25:544 UTC] 00000002 com.ibm.ws.kernel.launch.internal.FrameworkManager           A CWWKE0100I: This product is licensed for development, and limited production use. The full license terms can be viewed here: https://public.dhe.ibm.com/ibmdl/export/pub/software/websphere/wasdev/license/base_ilan/ilan/26.0.0.5/lafiles/en.html
[6/2/26, 18:06:25:798 UTC] 00000036 com.ibm.ws.config.xml.internal.ServerXMLConfiguration        A CWWKG0093A: Processing configuration drop-ins resource: /opt/ibm/wlp/usr/servers/defaultServer/configDropins/defaults/keystore.xml
[6/2/26, 18:06:25:805 UTC] 00000036 com.ibm.ws.config.xml.internal.ServerXMLConfiguration        A CWWKG0093A: Processing configuration drop-ins resource: /opt/ibm/wlp/usr/servers/defaultServer/configDropins/overrides/daytrader.xml
[6/2/26, 18:06:25:808 UTC] 00000036 com.ibm.ws.config.xml.internal.ServerXMLConfiguration        A CWWKG0093A: Processing configuration drop-ins resource: /opt/ibm/wlp/usr/servers/defaultServer/configDropins/overrides/daytrader7logging.xml
[6/2/26, 18:06:26:033 UTC] 00000038 com.ibm.ws.app.manager.internal.monitor.DropinMonitor        A CWWKZ0058I: Monitoring dropins for applications.
[6/2/26, 18:06:26:810 UTC] 00000038 com.ibm.ws.transport.iiop.internal.ORBWrapperInternal        A CWWKI0001I: The CORBA name server is now available at corbaloc:iiop:localhost:2809/NameService.
[6/2/26, 18:06:27:250 UTC] 0000004c com.ibm.ws.http.internal.VirtualHostImpl                     A CWWKT0016I: Web application available (default_host): http://7d5451e0cbfb:9080/swat/
[6/2/26, 18:06:27:496 UTC] 00000048 com.ibm.ws.app.manager.AppMessageHelper                      A CWWKZ0001I: Application swat started in 0.602 seconds.
[6/2/26, 18:06:27:588 UTC] 00000049 SystemOut                                                    O [EL Info]: server: 2026-06-02 18:06:27.575--Detected server platform: org.eclipse.persistence.platform.server.was.WebSphere_Liberty_Platform.
[6/2/26, 18:06:28:563 UTC] 00000049 yoko.verbose.init.poa                                        W Ignoring unsupported policy of type 0x41534600
[6/2/26, 18:06:28:565 UTC] 00000049 yoko.verbose.init.poa                                        W Ignoring unsupported policy of type 0x41534602
[6/2/26, 18:06:28:576 UTC] 00000049 yoko.verbose.init.poa                                        W Ignoring unsupported policy of type 0x41534600
[6/2/26, 18:06:28:576 UTC] 00000049 yoko.verbose.init.poa                                        W Ignoring unsupported policy of type 0x41534602
[6/2/26, 18:06:28:606 UTC] 00000049 com.ibm.ws.http.internal.VirtualHostImpl                     A CWWKT0016I: Web application available (default_host): http://7d5451e0cbfb:9080/daytrader/
[6/2/26, 18:06:28:950 UTC] 0000004d SystemOut                                                    O Settings from daytrader.properties: {runtimeMode=1, maxUsers=15000, orderProcessingMode=0, cacheSize=100000, displayOrderAlerts=true, maxQuotes=10000, percentSentToWebsocket=10, longRun=true, actionTrace=false, publishQuotePriceChange=true, marketSummaryInterval=20, trace=false, primIterations=1, cachingType=1, webInterface=0, useRemoteEJBInterface=false}
[6/2/26, 18:06:28:990 UTC] 0000004d com.ibm.ws.app.manager.AppMessageHelper                      A CWWKZ0001I: Application daytrader started in 2.096 seconds.
[6/2/26, 18:06:29:125 UTC] 00000041 com.ibm.ws.kernel.feature.internal.FeatureManager            A CWWKF0012I: The server installed the following features: [appSecurity-2.0, beanValidation-1.1, cdi-1.2, concurrent-1.0, distributedMap-1.0, ejb-3.2, ejbHome-3.2, ejbLite-3.2, ejbPersistentTimer-3.2, ejbRemote-3.2, el-3.0, federatedRegistry-1.0, jca-1.7, jdbc-4.1, jndi-1.0, jpa-2.1, jpaContainer-2.1, jsf-2.2, jsonp-1.0, jsp-2.3, ldapRegistry-3.0, localConnector-1.0, mdb-3.2, servlet-3.1, ssl-1.0, transportSecurity-1.0, wasJmsClient-2.0, wasJmsServer-1.0, websocket-1.1].
[6/2/26, 18:06:29:125 UTC] 00000041 com.ibm.ws.kernel.feature.internal.FeatureManager            A CWWKF0011I: The defaultServer server is ready to run a smarter planet. The defaultServer server started in 3.709 seconds.
[6/2/26, 18:12:16:594 UTC] 0000018a SystemOut                                                    O swat.ear: Invoking com.ibm.AllocateObject by anonymous (10.88.0.1)... [retainData=true&size=1048576&waittime=1000&iterations=300]
JVMDUMP055I Processing dump event "systhrow", detail "java/lang/OutOfMemoryError", exception "Java heap space" at 2026/06/02 18:14:59 - please wait.
JVMDUMP055I Processing dump event "systhrow", detail "java/lang/OutOfMemoryError", exception "Java heap space" at 2026/06/02 18:14:59 - please wait.
JVMDUMP032I JVM requested Heap dump using '/opt/ibm/wlp/output/defaultServer/heapdump.20260602.181459.4735.0002.phd' in response to an event
JVMDUMP010I Heap dump written to /opt/ibm/wlp/output/defaultServer/heapdump.20260602.181459.4735.0002.phd
JVMDUMP032I JVM requested System dump using '/opt/ibm/wlp/output/defaultServer/core.20260602.181459.4735.0001.dmp' in response to an event
JVMDUMP010I System dump written to /opt/ibm/wlp/output/defaultServer/core.20260602.181459.4735.0001.dmp
JVMDUMP032I JVM requested Java dump using '/opt/ibm/wlp/output/defaultServer/javacore.20260602.181459.4735.0003.txt' in response to an event
JVMDUMP010I Java dump written to /opt/ibm/wlp/output/defaultServer/javacore.20260602.181459.4735.0003.txt
JVMDUMP032I JVM requested Snap dump using '/opt/ibm/wlp/output/defaultServer/Snap.20260602.181459.4735.0005.trc' in response to an event
JVMDUMP010I Snap dump written to /opt/ibm/wlp/output/defaultServer/Snap.20260602.181459.4735.0005.trc
JVMDUMP056I Processed dump event "systhrow", detail "java/lang/OutOfMemoryError" at 2026/06/02 18:15:01 (2.082 seconds).
JVMDUMP032I JVM requested Heap dump using '/opt/ibm/wlp/output/defaultServer/heapdump.20260602.181459.4735.0004.phd' in response to an event
JVMDUMP010I Heap dump written to /opt/ibm/wlp/output/defaultServer/heapdump.20260602.181459.4735.0004.phd
JVMDUMP055I Processing dump event "systhrow", detail "java/lang/OutOfMemoryError", exception "Java heap space" at 2026/06/02 18:15:02 - please wait.
JVMDUMP032I JVM requested Java dump using '/opt/ibm/wlp/output/defaultServer/javacore.20260602.181459.4735.0006.txt' in response to an event
JVMDUMP010I Java dump written to /opt/ibm/wlp/output/defaultServer/javacore.20260602.181459.4735.0006.txt
JVMDUMP055I Processing dump event "systhrow", detail "java/lang/OutOfMemoryError", exception "Java heap space" at 2026/06/02 18:15:02 - please wait.
JVMDUMP032I JVM requested Snap dump using '/opt/ibm/wlp/output/defaultServer/Snap.20260602.181459.4735.0009.trc' in response to an event
JVMDUMP010I Snap dump written to /opt/ibm/wlp/output/defaultServer/Snap.20260602.181459.4735.0009.trc
JVMDUMP056I Processed dump event "systhrow", detail "java/lang/OutOfMemoryError" at 2026/06/02 18:15:02 (2.692 seconds).
JVMDUMP032I JVM requested Heap dump using '/opt/ibm/wlp/output/defaultServer/heapdump.20260602.181502.4735.0007.phd' in response to an event
JVMDUMP010I Heap dump written to /opt/ibm/wlp/output/defaultServer/heapdump.20260602.181502.4735.0007.phd
JVMDUMP032I JVM requested Heap dump using '/opt/ibm/wlp/output/defaultServer/heapdump.20260602.181502.4735.0008.phd' in response to an event
JVMDUMP010I Heap dump written to /opt/ibm/wlp/output/defaultServer/heapdump.20260602.181502.4735.0008.phd
JVMDUMP032I JVM requested Java dump using '/opt/ibm/wlp/output/defaultServer/javacore.20260602.181502.4735.0010.txt' in response to an event
JVMDUMP010I Java dump written to /opt/ibm/wlp/output/defaultServer/javacore.20260602.181502.4735.0010.txt
JVMDUMP032I JVM requested Java dump using '/opt/ibm/wlp/output/defaultServer/javacore.20260602.181502.4735.0011.txt' in response to an event
JVMDUMP010I Java dump written to /opt/ibm/wlp/output/defaultServer/javacore.20260602.181502.4735.0011.txt
JVMDUMP055I Processing dump event "systhrow", detail "java/lang/OutOfMemoryError", exception "Java heap space" at 2026/06/02 18:15:03 - please wait.
JVMDUMP032I JVM requested Snap dump using '/opt/ibm/wlp/output/defaultServer/Snap.20260602.181502.4735.0012.trc' in response to an event
JVMDUMP056I Processed dump event "systhrow", detail "java/lang/OutOfMemoryError" at 2026/06/02 18:15:03 (1.168 seconds).
JVMDUMP010I Snap dump written to {nothing to snap}
JVMDUMP056I Processed dump event "systhrow", detail "java/lang/OutOfMemoryError" at 2026/06/02 18:15:03 (1.274 seconds).
JVMDUMP032I JVM requested Snap dump using '/opt/ibm/wlp/output/defaultServer/Snap.20260602.181503.4735.0013.trc' in response to an event
JVMDUMP010I Snap dump written to {nothing to snap}
JVMDUMP056I Processed dump event "systhrow", detail "java/lang/OutOfMemoryError" at 2026/06/02 18:15:03 (0.202 seconds).
[6/2/26, 18:15:03:963 UTC] 0000018a SystemErr                                                    R java.lang.OutOfMemoryError(?)
[6/2/26, 18:15:03:966 UTC] 0000018a SystemErr                                                    R : 
[6/2/26, 18:15:03:966 UTC] 0000018a SystemErr                                                    R Java heap space
[6/2/26, 18:15:03:966 UTC] 00000029 SystemErr                                                    R Exception in thread "Attach API wait loop" 
Exception in thread "Attach API wait loop" Exception in thread "Executor Service Control Timer" Exception in thread "Scheduled Executor-thread-2" Exception in thread "Default Executor-thread-874" Exception in thread "Scheduled Executor-thread-1" java/lang/OutOfMemoryError: Java heap space
	at java/lang/ThreadGroup.uncaughtException (java.base@21.0.11/ThreadGroup.java:697)
	at java/lang/ThreadGroup.uncaughtException (java.base@21.0.11/ThreadGroup.java:690)
	at java/lang/ThreadGroup.uncaughtException (java.base@21.0.11/ThreadGroup.java:690)
	at java/lang/Thread.uncaughtException (java.base@21.0.11/Thread.java:3131)
Exception in thread "Default Executor-thread-1072"Exception in thread "Default Executor-thread-1087"  Exception in thread "Default Executor-thread-1347"Exception in thread "Default Executor-thread-1348"  java/lang/OutOfMemoryError: Java heap space
	at java/lang/ThreadGroup.uncaughtException (java.base@21.0.11/ThreadGroup.java:697)
	at java/lang/ThreadGroup.uncaughtException (java.base@21.0.11/ThreadGroup.java:690)
	at java/lang/ThreadGroup.uncaughtException (java.base@21.0.11/ThreadGroup.java:690)
	at java/lang/Thread.uncaughtException (java.base@21.0.11/Thread.java:3131)
java/lang/OutOfMemoryError: Java heap space
	at java/util/LinkedHashMap.newNode (java.base@21.0.11/LinkedHashMap.java:281)
	at java/util/HashMap.putVal (java.base@21.0.11/HashMap.java:637)
	at java/util/HashMap.put (java.base@21.0.11/HashMap.java:618)
	at sun/util/resources/OpenListResourceBundle.loadLookup (java.base@21.0.11/OpenListResourceBundle.java:146)
	at sun/util/resources/OpenListResourceBundle.loadLookupTablesIfNecessary (java.base@21.0.11/OpenListResourceBundle.java:128)
	at sun/util/resources/OpenListResourceBundle.handleKeySet (java.base@21.0.11/OpenListResourceBundle.java:96)
	at java/util/ResourceBundle.containsKey (java.base@21.0.11/ResourceBundle.java:2308)
	at sun/util/locale/provider/LocaleResources.getTimeZoneNames (java.base@21.0.11/LocaleResources.java:332)
	at sun/util/locale/provider/TimeZoneNameProviderImpl.getDisplayNameArray (java.base@21.0.11/TimeZoneNameProviderImpl.java:127)
	at sun/util/cldr/CLDRTimeZoneNameProviderImpl.getDisplayNameArray (java.base@21.0.11/CLDRTimeZoneNameProviderImpl.java:75)
	at sun/util/locale/provider/TimeZoneNameProviderImpl.getDisplayName (java.base@21.0.11/TimeZoneNameProviderImpl.java:99)
	at sun/util/locale/provider/TimeZoneNameUtility$TimeZoneNameGetter.getName (java.base@21.0.11/TimeZoneNameUtility.java:271)
	at sun/util/locale/provider/TimeZoneNameUtility$TimeZoneNameGetter.getObject (java.base@21.0.11/TimeZoneNameUtility.java:229)
	at sun/util/locale/provider/TimeZoneNameUtility$TimeZoneNameGetter.getObject (java.base@21.0.11/TimeZoneNameUtility.java:215)
	at sun/util/locale/provider/LocaleServiceProviderPool.getLocalizedObjectImpl (java.base@21.0.11/LocaleServiceProviderPool.java:284)
	at sun/util/locale/provider/LocaleServiceProviderPool.getLocalizedObject (java.base@21.0.11/LocaleServiceProviderPool.java:245)
	at sun/util/locale/provider/TimeZoneNameUtility.retrieveDisplayNamesImpl (java.base@21.0.11/TimeZoneNameUtility.java:197)
	at sun/util/locale/provider/TimeZoneNameUtility.retrieveDisplayNames (java.base@21.0.11/TimeZoneNameUtility.java:120)
	at java/time/format/DateTimeFormatterBuilder$ZoneTextPrinterParser.getDisplayName (java.base@21.0.11/DateTimeFormatterBuilder.java:4467)
	at java/time/format/DateTimeFormatterBuilder$ZoneTextPrinterParser.format (java.base@21.0.11/DateTimeFormatterBuilder.java:4518)
	at java/time/format/DateTimeFormatterBuilder$CompositePrinterParser.format (java.base@21.0.11/DateTimeFormatterBuilder.java:2529)
	at java/time/format/DateTimeFormatter.formatTo (java.base@21.0.11/DateTimeFormatter.java:1905)
	at java/time/format/DateTimeFormatter.format (java.base@21.0.11/DateTimeFormatter.java:1879)
	at com/ibm/ws/logging/collector/BurstDateFormat.format (BurstDateFormat.java:112)
	at com/ibm/ws/logging/collector/DateFormatHelper.formatTime (DateFormatHelper.java:97)
	at com/ibm/ws/logging/internal/impl/BaseTraceFormatter.messageLogFormat (BaseTraceFormatter.java:489)
	at com/ibm/ws/logging/internal/impl/BaseTraceService.invokeMessageRouters (BaseTraceService.java:1095)
	at com/ibm/ws/logging/internal/impl/BaseTraceService.echo (BaseTraceService.java:1026)
	at com/ibm/ws/logging/internal/impl/BaseTraceService$TrOutputStream.flush (BaseTraceService.java:2290)
	at java/io/PrintStream.implFlush (java.base@21.0.11/PrintStream.java:471)
	at java/io/PrintStream.flush (java.base@21.0.11/PrintStream.java:463)
	at com/ibm/ws/logging/internal/impl/BaseTraceService$TeePrintStream.print (BaseTraceService.java:2051)
	at java/io/PrintStream.append (java.base@21.0.11/PrintStream.java:1470)
	at java/io/PrintStream.append (java.base@21.0.11/PrintStream.java:75)
	at com/ibm/oti/util/Util.appendTo (java.base@21.0.11/Util.java:241)
	at java/lang/Throwable.printStackTrace (java.base@21.0.11/Throwable.java:563)
	at java/lang/Throwable.printStackTraceHelper (java.base@21.0.11/Throwable.java:346)
	at java/lang/Throwable.printStackTrace (java.base@21.0.11/Throwable.java:315)
Exception in thread "Inbound Read Selector.1" Exception in thread "Default Executor-thread-1343" Exception in thread "Default Executor-thread-1267" java/lang/OutOfMemoryError: Java heap space
	at java/lang/ThreadGroup.uncaughtException (java.base@21.0.11/ThreadGroup.java:697)
	at java/lang/ThreadGroup.uncaughtException (java.base@21.0.11/ThreadGroup.java:690)
	at java/lang/ThreadGroup.uncaughtException (java.base@21.0.11/ThreadGroup.java:690)
	at java/lang/Thread.uncaughtException (java.base@21.0.11/Thread.java:3131)
java/lang/OutOfMemoryError: Java heap space
	at java/lang/ThreadGroup.uncaughtException (java.base@21.0.11/ThreadGroup.java:697)
	at java/lang/ThreadGroup.uncaughtException (java.base@21.0.11/ThreadGroup.java:690)
	at java/lang/ThreadGroup.uncaughtException (java.base@21.0.11/ThreadGroup.java:690)
	at java/lang/Thread.uncaughtException (java.base@21.0.11/Thread.java:3131)
java/lang/OutOfMemoryError: Java heap space
	at java/lang/ThreadGroup.uncaughtException (java.base@21.0.11/ThreadGroup.java:697)
	at java/lang/ThreadGroup.uncaughtException (java.base@21.0.11/ThreadGroup.java:690)
	at java/lang/Thread.uncaughtException (java.base@21.0.11/Thread.java:3131)
Exception in thread "Default Executor-thread-1350" Exception in thread "Default Executor-thread-1349" Exception in thread "Default Executor-thread-1033" java/lang/OutOfMemoryError: Java heap space
	at java/lang/Class.getConstructorImpl (java.base@21.0.11/NativeMethod:4294967295)
	at java/lang/Class.getConstructor (java.base@21.0.11/Class.java:742)
	at java/util/ResourceBundle$ResourceBundleProviderHelper.newResourceBundle (java.base@21.0.11/ResourceBundle.java:3592)
	at java/util/ResourceBundle$1.newResourceBundle (java.base@21.0.11/ResourceBundle.java:417)
	at sun/util/resources/Bundles.findBundleOf (java.base@21.0.11/Bundles.java:209)
	at sun/util/resources/Bundles.findBundleOf (java.base@21.0.11/Bundles.java:160)
	at sun/util/resources/Bundles.loadBundleOf (java.base@21.0.11/Bundles.java:145)
	at sun/util/resources/Bundles.of (java.base@21.0.11/Bundles.java:106)
	at sun/util/resources/LocaleData$1.run (java.base@21.0.11/LocaleData.java:185)
	at sun/util/resources/LocaleData$1.run (java.base@21.0.11/LocaleData.java:182)
	at java/security/AccessController.doPrivileged (java.base@21.0.11/AccessController.java:701)
	at sun/util/resources/LocaleData.getBundle (java.base@21.0.11/LocaleData.java:182)
	at sun/util/resources/LocaleData.getTimeZoneNames (java.base@21.0.11/LocaleData.java:113)
	at sun/util/locale/provider/LocaleResources.getTimeZoneNames (java.base@21.0.11/LocaleResources.java:323)
	at sun/util/locale/provider/TimeZoneNameProviderImpl.getDisplayNameArray (java.base@21.0.11/TimeZoneNameProviderImpl.java:127)
	at sun/util/cldr/CLDRTimeZoneNameProviderImpl.getDisplayNameArray (java.base@21.0.11/CLDRTimeZoneNameProviderImpl.java:75)
	at sun/util/locale/provider/TimeZoneNameProviderImpl.getDisplayName (java.base@21.0.11/TimeZoneNameProviderImpl.java:99)
	at sun/util/locale/provider/TimeZoneNameUtility$TimeZoneNameGetter.getName (java.base@21.0.11/TimeZoneNameUtility.java:271)
	at sun/util/locale/provider/TimeZoneNameUtility$TimeZoneNameGetter.getObject (java.base@21.0.11/TimeZoneNameUtility.java:229)
	at sun/util/locale/provider/TimeZoneNameUtility$TimeZoneNameGetter.getObject (java.base@21.0.11/TimeZoneNameUtility.java:215)
	at sun/util/locale/provider/LocaleServiceProviderPool.getLocalizedObjectImpl (java.base@21.0.11/LocaleServiceProviderPool.java:284)
	at sun/util/locale/provider/LocaleServiceProviderPool.getLocalizedObject (java.base@21.0.11/LocaleServiceProviderPool.java:245)
	at sun/util/locale/provider/TimeZoneNameUtility.retrieveDisplayNamesImpl (java.base@21.0.11/TimeZoneNameUtility.java:197)
	at sun/util/locale/provider/TimeZoneNameUtility.retrieveDisplayNames (java.base@21.0.11/TimeZoneNameUtility.java:120)
	at java/time/format/DateTimeFormatterBuilder$ZoneTextPrinterParser.getDisplayName (java.base@21.0.11/DateTimeFormatterBuilder.java:4467)
	at java/time/format/DateTimeFormatterBuilder$ZoneTextPrinterParser.format (java.base@21.0.11/DateTimeFormatterBuilder.java:4518)
	at java/time/format/DateTimeFormatterBuilder$CompositePrinterParser.format (java.base@21.0.11/DateTimeFormatterBuilder.java:2529)
	at java/time/format/DateTimeFormatter.formatTo (java.base@21.0.11/DateTimeFormatter.java:1905)
	at java/time/format/DateTimeFormatter.format (java.base@21.0.11/DateTimeFormatter.java:1879)
	at com/ibm/ws/logging/collector/BurstDateFormat.format (BurstDateFormat.java:112)
	at com/ibm/ws/logging/collector/DateFormatHelper.formatTime (DateFormatHelper.java:97)
	at com/ibm/ws/logging/internal/impl/BaseTraceFormatter.messageLogFormat (BaseTraceFormatter.java:489)
	at com/ibm/ws/logging/internal/impl/BaseTraceService.invokeMessageRouters (BaseTraceService.java:1095)
	at com/ibm/ws/logging/internal/impl/BaseTraceService.echo (BaseTraceService.java:1026)
	at com/ibm/ws/logging/internal/impl/BaseTraceService$TrOutputStream.flush (BaseTraceService.java:2290)
	at java/io/PrintStream.implFlush (java.base@21.0.11/PrintStream.java:471)
	at java/io/PrintStream.flush (java.base@21.0.11/PrintStream.java:463)
	at com/ibm/ws/logging/internal/impl/BaseTraceService$TeePrintStream.print (BaseTraceService.java:2051)
	at java/lang/ThreadGroup.uncaughtException (java.base@21.0.11/ThreadGroup.java:697)
	at java/lang/ThreadGroup.uncaughtException (java.base@21.0.11/ThreadGroup.java:690)
	at java/lang/ThreadGroup.uncaughtException (java.base@21.0.11/ThreadGroup.java:690)
	at java/lang/Thread.uncaughtException (java.base@21.0.11/Thread.java:3131)
java/lang/OutOfMemoryError: Java heap space
	at java/lang/ThreadGroup.uncaughtException (java.base@21.0.11/ThreadGroup.java:697)
	at java/lang/ThreadGroup.uncaughtException (java.base@21.0.11/ThreadGroup.java:690)
	at java/lang/ThreadGroup.uncaughtException (java.base@21.0.11/ThreadGroup.java:690)
	at java/lang/Thread.uncaughtException (java.base@21.0.11/Thread.java:3131)
java/lang/OutOfMemoryError: Java heap space
	at java/lang/Class.getConstructorImpl (java.base@21.0.11/NativeMethod:4294967295)
	at java/lang/Class.getConstructor (java.base@21.0.11/Class.java:742)
	at java/util/ResourceBundle$ResourceBundleProviderHelper.newResourceBundle (java.base@21.0.11/ResourceBundle.java:3592)
	at java/util/ResourceBundle$1.newResourceBundle (java.base@21.0.11/ResourceBundle.java:417)
	at sun/util/resources/Bundles.findBundleOf (java.base@21.0.11/Bundles.java:209)
	at sun/util/resources/Bundles.findBundleOf (java.base@21.0.11/Bundles.java:160)
	at sun/util/resources/Bundles.loadBundleOf (java.base@21.0.11/Bundles.java:145)
	at sun/util/resources/Bundles.of (java.base@21.0.11/Bundles.java:106)
	at sun/util/resources/LocaleData$1.run (java.base@21.0.11/LocaleData.java:185)
	at sun/util/resources/LocaleData$1.run (java.base@21.0.11/LocaleData.java:182)
	at java/security/AccessController.doPrivileged (java.base@21.0.11/AccessController.java:701)
	at sun/util/resources/LocaleData.getBundle (java.base@21.0.11/LocaleData.java:182)
	at sun/util/resources/LocaleData.getTimeZoneNames (java.base@21.0.11/LocaleData.java:113)
	at sun/util/locale/provider/LocaleResources.getTimeZoneNames (java.base@21.0.11/LocaleResources.java:323)
	at sun/util/locale/provider/TimeZoneNameProviderImpl.getDisplayNameArray (java.base@21.0.11/TimeZoneNameProviderImpl.java:127)
	at sun/util/cldr/CLDRTimeZoneNameProviderImpl.getDisplayNameArray (java.base@21.0.11/CLDRTimeZoneNameProviderImpl.java:75)
	at sun/util/locale/provider/TimeZoneNameProviderImpl.getDisplayName (java.base@21.0.11/TimeZoneNameProviderImpl.java:99)
	at sun/util/locale/provider/TimeZoneNameUtility$TimeZoneNameGetter.getName (java.base@21.0.11/TimeZoneNameUtility.java:271)
	at sun/util/locale/provider/TimeZoneNameUtility$TimeZoneNameGetter.getObject (java.base@21.0.11/TimeZoneNameUtility.java:229)
	at sun/util/locale/provider/TimeZoneNameUtility$TimeZoneNameGetter.getObject (java.base@21.0.11/TimeZoneNameUtility.java:215)
	at sun/util/locale/provider/LocaleServiceProviderPool.getLocalizedObjectImpl (java.base@21.0.11/LocaleServiceProviderPool.java:284)
	at sun/util/locale/provider/LocaleServiceProviderPool.getLocalizedObject (java.base@21.0.11/LocaleServiceProviderPool.java:245)
	at sun/util/locale/provider/TimeZoneNameUtility.retrieveDisplayNamesImpl (java.base@21.0.11/TimeZoneNameUtility.java:197)
	at sun/util/locale/provider/TimeZoneNameUtility.retrieveDisplayNames (java.base@21.0.11/TimeZoneNameUtility.java:120)
	at java/time/format/DateTimeFormatterBuilder$ZoneTextPrinterParser.getDisplayName (java.base@21.0.11/DateTimeFormatterBuilder.java:4467)
	at java/time/format/DateTimeFormatterBuilder$ZoneTextPrinterParser.format (java.base@21.0.11/DateTimeFormatterBuilder.java:4518)
	at java/time/format/DateTimeFormatterBuilder$CompositePrinterParser.format (java.base@21.0.11/DateTimeFormatterBuilder.java:2529)
	at java/time/format/DateTimeFormatter.formatTo (java.base@21.0.11/DateTimeFormatter.java:1905)
	at java/time/format/DateTimeFormatter.format (java.base@21.0.11/DateTimeFormatter.java:1879)
	at com/ibm/ws/logging/collector/BurstDateFormat.format (BurstDateFormat.java:112)
	at com/ibm/ws/logging/collector/DateFormatHelper.formatTime (DateFormatHelper.java:97)
	at com/ibm/ws/logging/internal/impl/BaseTraceFormatter.messageLogFormat (BaseTraceFormatter.java:489)
	at com/ibm/ws/logging/internal/impl/BaseTraceService.invokeMessageRouters (BaseTraceService.java:1095)
	at com/ibm/ws/logging/internal/impl/BaseTraceService.echo (BaseTraceService.java:1026)
	at com/ibm/ws/logging/internal/impl/BaseTraceService$TrOutputStream.flush (BaseTraceService.java:2290)
	at java/io/PrintStream.implFlush (java.base@21.0.11/PrintStream.java:471)
	at java/io/PrintStream.flush (java.base@21.0.11/PrintStream.java:463)
	at com/ibm/ws/logging/internal/impl/BaseTraceService$TeePrintStream.print (BaseTraceService.java:2051)
	at java/lang/ThreadGroup.uncaughtException (java.base@21.0.11/ThreadGroup.java:697)
	at java/lang/ThreadGroup.uncaughtException (java.base@21.0.11/ThreadGroup.java:690)
	at java/lang/ThreadGroup.uncaughtException (java.base@21.0.11/ThreadGroup.java:690)
	at java/lang/Thread.uncaughtException (java.base@21.0.11/Thread.java:3131)
java/lang/OutOfMemoryError: Java heap space
	at sun/util/resources/cldr/TimeZoneNames_en.getContents (java.base@21.0.11/TimeZoneNames_en.java:117)
	at sun/util/resources/OpenListResourceBundle.loadLookup (java.base@21.0.11/OpenListResourceBundle.java:137)
	at sun/util/resources/OpenListResourceBundle.loadLookupTablesIfNecessary (java.base@21.0.11/OpenListResourceBundle.java:128)
	at sun/util/resources/OpenListResourceBundle.handleKeySet (java.base@21.0.11/OpenListResourceBundle.java:96)
	at java/util/ResourceBundle.containsKey (java.base@21.0.11/ResourceBundle.java:2308)
	at sun/util/locale/provider/LocaleResources.getTimeZoneNames (java.base@21.0.11/LocaleResources.java:332)
	at sun/util/locale/provider/TimeZoneNameProviderImpl.getDisplayNameArray (java.base@21.0.11/TimeZoneNameProviderImpl.java:127)
	at sun/util/cldr/CLDRTimeZoneNameProviderImpl.getDisplayNameArray (java.base@21.0.11/CLDRTimeZoneNameProviderImpl.java:75)
	at sun/util/locale/provider/TimeZoneNameProviderImpl.getDisplayName (java.base@21.0.11/TimeZoneNameProviderImpl.java:99)
	at sun/util/locale/provider/TimeZoneNameUtility$TimeZoneNameGetter.getName (java.base@21.0.11/TimeZoneNameUtility.java:271)
	at sun/util/locale/provider/TimeZoneNameUtility$TimeZoneNameGetter.getObject (java.base@21.0.11/TimeZoneNameUtility.java:229)
	at sun/util/locale/provider/TimeZoneNameUtility$TimeZoneNameGetter.getObject (java.base@21.0.11/TimeZoneNameUtility.java:215)
	at sun/util/locale/provider/LocaleServiceProviderPool.getLocalizedObjectImpl (java.base@21.0.11/LocaleServiceProviderPool.java:284)
	at sun/util/locale/provider/LocaleServiceProviderPool.getLocalizedObject (java.base@21.0.11/LocaleServiceProviderPool.java:245)
	at sun/util/locale/provider/TimeZoneNameUtility.retrieveDisplayNamesImpl (java.base@21.0.11/TimeZoneNameUtility.java:197)
	at sun/util/locale/provider/TimeZoneNameUtility.retrieveDisplayNames (java.base@21.0.11/TimeZoneNameUtility.java:120)
	at java/time/format/DateTimeFormatterBuilder$ZoneTextPrinterParser.getDisplayName (java.base@21.0.11/DateTimeFormatterBuilder.java:4467)
	at java/time/format/DateTimeFormatterBuilder$ZoneTextPrinterParser.format (java.base@21.0.11/DateTimeFormatterBuilder.java:4518)
	at java/time/format/DateTimeFormatterBuilder$CompositePrinterParser.format (java.base@21.0.11/DateTimeFormatterBuilder.java:2529)
	at java/time/format/DateTimeFormatter.formatTo (java.base@21.0.11/DateTimeFormatter.java:1905)
	at java/time/format/DateTimeFormatter.format (java.base@21.0.11/DateTimeFormatter.java:1879)
	at com/ibm/ws/logging/collector/BurstDateFormat.format (BurstDateFormat.java:112)
	at com/ibm/ws/logging/collector/DateFormatHelper.formatTime (DateFormatHelper.java:97)
	at com/ibm/ws/logging/internal/impl/BaseTraceFormatter.messageLogFormat (BaseTraceFormatter.java:489)
	at com/ibm/ws/logging/internal/impl/BaseTraceService.invokeMessageRouters (BaseTraceService.java:1095)
	at com/ibm/ws/logging/internal/impl/BaseTraceService.echo (BaseTraceService.java:1026)
	at com/ibm/ws/logging/internal/impl/BaseTraceService$TrOutputStream.flush (BaseTraceService.java:2290)
	at java/io/PrintStream.implFlush (java.base@21.0.11/PrintStream.java:471)
	at java/io/PrintStream.flush (java.base@21.0.11/PrintStream.java:463)
	at com/ibm/ws/logging/internal/impl/BaseTraceService$TeePrintStream.print (BaseTraceService.java:2051)
	at java/io/PrintStream.append (java.base@21.0.11/PrintStream.java:1470)
	at java/io/PrintStream.append (java.base@21.0.11/PrintStream.java:75)
	at com/ibm/oti/util/Util.appendTo (java.base@21.0.11/Util.java:241)
	at java/lang/Throwable.printStackTrace (java.base@21.0.11/Throwable.java:563)
	at java/lang/Throwable.printStackTraceHelper (java.base@21.0.11/Throwable.java:346)
	at java/lang/Throwable.printStackTrace (java.base@21.0.11/Throwable.java:315)
	at java/lang/ThreadGroup.uncaughtException (java.base@21.0.11/ThreadGroup.java:698)
	at java/lang/ThreadGroup.uncaughtException (java.base@21.0.11/ThreadGroup.java:690)
	at java/lang/Thread.uncaughtException (java.base@21.0.11/Thread.java:3131)
java/lang/OutOfMemoryError: Java heap space
	at java/util/LinkedHashMap.newNode (java.base@21.0.11/LinkedHashMap.java:281)
	at java/util/HashMap.putVal (java.base@21.0.11/HashMap.java:637)
	at java/util/HashMap.put (java.base@21.0.11/HashMap.java:618)
	at sun/util/resources/OpenListResourceBundle.loadLookup (java.base@21.0.11/OpenListResourceBundle.java:146)
	at sun/util/resources/OpenListResourceBundle.loadLookupTablesIfNecessary (java.base@21.0.11/OpenListResourceBundle.java:128)
	at sun/util/resources/OpenListResourceBundle.handleKeySet (java.base@21.0.11/OpenListResourceBundle.java:96)
	at java/util/ResourceBundle.containsKey (java.base@21.0.11/ResourceBundle.java:2308)
	at sun/util/locale/provider/LocaleResources.getTimeZoneNames (java.base@21.0.11/LocaleResources.java:332)
	at sun/util/locale/provider/TimeZoneNameProviderImpl.getDisplayNameArray (java.base@21.0.11/TimeZoneNameProviderImpl.java:127)
	at sun/util/cldr/CLDRTimeZoneNameProviderImpl.getDisplayNameArray (java.base@21.0.11/CLDRTimeZoneNameProviderImpl.java:75)
	at sun/util/locale/provider/TimeZoneNameProviderImpl.getDisplayName (java.base@21.0.11/TimeZoneNameProviderImpl.java:99)
	at sun/util/locale/provider/TimeZoneNameUtility$TimeZoneNameGetter.getName (java.base@21.0.11/TimeZoneNameUtility.java:271)
	at sun/util/locale/provider/TimeZoneNameUtility$TimeZoneNameGetter.getObject (java.base@21.0.11/TimeZoneNameUtility.java:229)
	at sun/util/locale/provider/TimeZoneNameUtility$TimeZoneNameGetter.getObject (java.base@21.0.11/TimeZoneNameUtility.java:215)
	at sun/util/locale/provider/LocaleServiceProviderPool.getLocalizedObjectImpl (java.base@21.0.11/LocaleServiceProviderPool.java:284)
	at sun/util/locale/provider/LocaleServiceProviderPool.getLocalizedObject (java.base@21.0.11/LocaleServiceProviderPool.java:245)
	at sun/util/locale/provider/TimeZoneNameUtility.retrieveDisplayNamesImpl (java.base@21.0.11/TimeZoneNameUtility.java:197)
	at sun/util/locale/provider/TimeZoneNameUtility.retrieveDisplayNames (java.base@21.0.11/TimeZoneNameUtility.java:120)
	at java/time/format/DateTimeFormatterBuilder$ZoneTextPrinterParser.getDisplayName (java.base@21.0.11/DateTimeFormatterBuilder.java:4467)
	at java/time/format/DateTimeFormatterBuilder$ZoneTextPrinterParser.format (java.base@21.0.11/DateTimeFormatterBuilder.java:4518)
	at java/time/format/DateTimeFormatterBuilder$CompositePrinterParser.format (java.base@21.0.11/DateTimeFormatterBuilder.java:2529)
	at java/time/format/DateTimeFormatter.formatTo (java.base@21.0.11/DateTimeFormatter.java:1905)
	at java/time/format/DateTimeFormatter.format (java.base@21.0.11/DateTimeFormatter.java:1879)
	at com/ibm/ws/logging/collector/BurstDateFormat.format (BurstDateFormat.java:112)
	at com/ibm/ws/logging/collector/DateFormatHelper.formatTime (DateFormatHelper.java:97)
	at com/ibm/ws/logging/internal/impl/BaseTraceFormatter.messageLogFormat (BaseTraceFormatter.java:489)
	at com/ibm/ws/logging/internal/impl/BaseTraceService.invokeMessageRouters (BaseTraceService.java:1095)
	at com/ibm/ws/logging/internal/impl/BaseTraceService.echo (BaseTraceService.java:1026)
	at com/ibm/ws/logging/internal/impl/BaseTraceService$TrOutputStream.flush (BaseTraceService.java:2290)
	at java/io/PrintStream.implFlush (java.base@21.0.11/PrintStream.java:471)
	at java/io/PrintStream.flush (java.base@21.0.11/PrintStream.java:463)
	at com/ibm/ws/logging/internal/impl/BaseTraceService$TeePrintStream.print (BaseTraceService.java:2051)
	at java/io/PrintStream.append (java.base@21.0.11/PrintStream.java:1470)
	at java/io/PrintStream.append (java.base@21.0.11/PrintStream.java:75)
	at com/ibm/oti/util/Util.appendTo (java.base@21.0.11/Util.java:241)
	at java/lang/Throwable.printStackTrace (java.base@21.0.11/Throwable.java:563)
	at java/lang/Throwable.printStackTraceHelper (java.base@21.0.11/Throwable.java:346)
	at java/lang/Throwable.printStackTrace (java.base@21.0.11/Throwable.java:315)
java/lang/OutOfMemoryError: Java heap space
	at java/lang/Class.getConstructorImpl (java.base@21.0.11/NativeMethod:4294967295)
	at java/lang/Class.getConstructor (java.base@21.0.11/Class.java:742)
	at java/util/ResourceBundle$ResourceBundleProviderHelper.newResourceBundle (java.base@21.0.11/ResourceBundle.java:3592)
	at java/util/ResourceBundle$1.newResourceBundle (java.base@21.0.11/ResourceBundle.java:417)
	at sun/util/resources/Bundles.findBundleOf (java.base@21.0.11/Bundles.java:209)
	at sun/util/resources/Bundles.findBundleOf (java.base@21.0.11/Bundles.java:160)
	at sun/util/resources/Bundles.loadBundleOf (java.base@21.0.11/Bundles.java:145)
	at sun/util/resources/Bundles.of (java.base@21.0.11/Bundles.java:106)
	at sun/util/resources/LocaleData$1.run (java.base@21.0.11/LocaleData.java:185)
	at sun/util/resources/LocaleData$1.run (java.base@21.0.11/LocaleData.java:182)
	at java/security/AccessController.doPrivileged (java.base@21.0.11/AccessController.java:701)
	at sun/util/resources/LocaleData.getBundle (java.base@21.0.11/LocaleData.java:182)
	at sun/util/resources/LocaleData.getTimeZoneNames (java.base@21.0.11/LocaleData.java:113)
	at sun/util/locale/provider/LocaleResources.getTimeZoneNames (java.base@21.0.11/LocaleResources.java:323)
	at sun/util/locale/provider/TimeZoneNameProviderImpl.getDisplayNameArray (java.base@21.0.11/TimeZoneNameProviderImpl.java:127)
	at sun/util/cldr/CLDRTimeZoneNameProviderImpl.getDisplayNameArray (java.base@21.0.11/CLDRTimeZoneNameProviderImpl.java:75)
	at sun/util/locale/provider/TimeZoneNameProviderImpl.getDisplayName (java.base@21.0.11/TimeZoneNameProviderImpl.java:99)
	at sun/util/locale/provider/TimeZoneNameUtility$TimeZoneNameGetter.getName (java.base@21.0.11/TimeZoneNameUtility.java:271)
	at sun/util/locale/provider/TimeZoneNameUtility$TimeZoneNameGetter.getObject (java.base@21.0.11/TimeZoneNameUtility.java:229)
	at sun/util/locale/provider/TimeZoneNameUtility$TimeZoneNameGetter.getObject (java.base@21.0.11/TimeZoneNameUtility.java:215)
	at sun/util/locale/provider/LocaleServiceProviderPool.getLocalizedObjectImpl (java.base@21.0.11/LocaleServiceProviderPool.java:284)
	at sun/util/locale/provider/LocaleServiceProviderPool.getLocalizedObject (java.base@21.0.11/LocaleServiceProviderPool.java:245)
	at sun/util/locale/provider/TimeZoneNameUtility.retrieveDisplayNamesImpl (java.base@21.0.11/TimeZoneNameUtility.java:197)
	at sun/util/locale/provider/TimeZoneNameUtility.retrieveDisplayNames (java.base@21.0.11/TimeZoneNameUtility.java:120)
	at java/time/format/DateTimeFormatterBuilder$ZoneTextPrinterParser.getDisplayName (java.base@21.0.11/DateTimeFormatterBuilder.java:4467)
	at java/time/format/DateTimeFormatterBuilder$ZoneTextPrinterParser.format (java.base@21.0.11/DateTimeFormatterBuilder.java:4518)
	at java/time/format/DateTimeFormatterBuilder$CompositePrinterParser.format (java.base@21.0.11/DateTimeFormatterBuilder.java:2529)
	at java/time/format/DateTimeFormatter.formatTo (java.base@21.0.11/DateTimeFormatter.java:1905)
	at java/time/format/DateTimeFormatter.format (java.base@21.0.11/DateTimeFormatter.java:1879)
	at com/ibm/ws/logging/collector/BurstDateFormat.format (BurstDateFormat.java:112)
	at com/ibm/ws/logging/collector/DateFormatHelper.formatTime (DateFormatHelper.java:97)
	at com/ibm/ws/logging/internal/impl/BaseTraceFormatter.messageLogFormat (BaseTraceFormatter.java:489)
	at com/ibm/ws/logging/internal/impl/BaseTraceService.invokeMessageRouters (BaseTraceService.java:1095)
	at com/ibm/ws/logging/internal/impl/BaseTraceService.echo (BaseTraceService.java:1026)
	at com/ibm/ws/logging/internal/impl/BaseTraceService$TrOutputStream.flush (BaseTraceService.java:2290)
	at java/io/PrintStream.implFlush (java.base@21.0.11/PrintStream.java:471)
	at java/io/PrintStream.flush (java.base@21.0.11/PrintStream.java:463)
	at com/ibm/ws/logging/internal/impl/BaseTraceService$TeePrintStream.print (BaseTraceService.java:2051)
	at java/lang/ThreadGroup.uncaughtException (java.base@21.0.11/ThreadGroup.java:697)
	at java/lang/ThreadGroup.uncaughtException (java.base@21.0.11/ThreadGroup.java:690)
	at java/lang/ThreadGroup.uncaughtException (java.base@21.0.11/ThreadGroup.java:690)
	at java/lang/Thread.uncaughtException (java.base@21.0.11/Thread.java:3131)
java/lang/OutOfMemoryError: Java heap space
	at java/lang/ThreadGroup.uncaughtException (java.base@21.0.11/ThreadGroup.java:697)
	at java/lang/ThreadGroup.uncaughtException (java.base@21.0.11/ThreadGroup.java:690)
	at java/lang/ThreadGroup.uncaughtException (java.base@21.0.11/ThreadGroup.java:690)
	at java/lang/Thread.uncaughtException (java.base@21.0.11/Thread.java:3131)
java/lang/OutOfMemoryError: Java heap space
	at java/lang/StringLatin1.toLowerCase (java.base@21.0.11/StringLatin1.java:440)
	at java/lang/String.toLowerCase (java.base@21.0.11/String.java:4404)
	at java/lang/String.toLowerCase (java.base@21.0.11/String.java:4428)
	at com/ibm/ws/logging/internal/impl/BaseTraceService.logLine (BaseTraceService.java:1263)
	at com/ibm/ws/logging/internal/impl/BaseTraceService.shouldPrint (BaseTraceService.java:2663)
	at com/ibm/ws/logging/internal/impl/BaseTraceService.access$400 (BaseTraceService.java:154)
	at com/ibm/ws/logging/internal/impl/BaseTraceService$TeePrintStream.print (BaseTraceService.java:2043)
	at java/lang/ThreadGroup.uncaughtException (java.base@21.0.11/ThreadGroup.java:697)
	at java/lang/ThreadGroup.uncaughtException (java.base@21.0.11/ThreadGroup.java:690)
	at java/lang/ThreadGroup.uncaughtException (java.base@21.0.11/ThreadGroup.java:690)
	at java/lang/Thread.uncaughtException (java.base@21.0.11/Thread.java:3131)
Exception in thread "Default Executor-thread-260" java/lang/OutOfMemoryError: Java heap space
	at java/lang/Class.getConstructorImpl (java.base@21.0.11/NativeMethod:4294967295)
	at java/lang/Class.getConstructor (java.base@21.0.11/Class.java:742)
	at java/util/ResourceBundle$ResourceBundleProviderHelper.newResourceBundle (java.base@21.0.11/ResourceBundle.java:3592)
	at java/util/ResourceBundle$1.newResourceBundle (java.base@21.0.11/ResourceBundle.java:417)
	at sun/util/resources/Bundles.findBundleOf (java.base@21.0.11/Bundles.java:209)
	at sun/util/resources/Bundles.findBundleOf (java.base@21.0.11/Bundles.java:160)
	at sun/util/resources/Bundles.loadBundleOf (java.base@21.0.11/Bundles.java:145)
	at sun/util/resources/Bundles.of (java.base@21.0.11/Bundles.java:106)
	at sun/util/resources/LocaleData$1.run (java.base@21.0.11/LocaleData.java:185)
	at sun/util/resources/LocaleData$1.run (java.base@21.0.11/LocaleData.java:182)
	at java/security/AccessController.doPrivileged (java.base@21.0.11/AccessController.java:701)
	at sun/util/resources/LocaleData.getBundle (java.base@21.0.11/LocaleData.java:182)
	at sun/util/resources/LocaleData.getTimeZoneNames (java.base@21.0.11/LocaleData.java:113)
	at sun/util/locale/provider/LocaleResources.getTimeZoneNames (java.base@21.0.11/LocaleResources.java:323)
	at sun/util/locale/provider/TimeZoneNameProviderImpl.getDisplayNameArray (java.base@21.0.11/TimeZoneNameProviderImpl.java:127)
	at sun/util/cldr/CLDRTimeZoneNameProviderImpl.getDisplayNameArray (java.base@21.0.11/CLDRTimeZoneNameProviderImpl.java:75)
	at sun/util/locale/provider/TimeZoneNameProviderImpl.getDisplayName (java.base@21.0.11/TimeZoneNameProviderImpl.java:99)
	at sun/util/locale/provider/TimeZoneNameUtility$TimeZoneNameGetter.getName (java.base@21.0.11/TimeZoneNameUtility.java:271)
	at sun/util/locale/provider/TimeZoneNameUtility$TimeZoneNameGetter.getObject (java.base@21.0.11/TimeZoneNameUtility.java:229)
	at sun/util/locale/provider/TimeZoneNameUtility$TimeZoneNameGetter.getObject (java.base@21.0.11/TimeZoneNameUtility.java:215)
	at sun/util/locale/provider/LocaleServiceProviderPool.getLocalizedObjectImpl (java.base@21.0.11/LocaleServiceProviderPool.java:284)
	at sun/util/locale/provider/LocaleServiceProviderPool.getLocalizedObject (java.base@21.0.11/LocaleServiceProviderPool.java:245)
	at sun/util/locale/provider/TimeZoneNameUtility.retrieveDisplayNamesImpl (java.base@21.0.11/TimeZoneNameUtility.java:197)
	at sun/util/locale/provider/TimeZoneNameUtility.retrieveDisplayNames (java.base@21.0.11/TimeZoneNameUtility.java:120)
	at java/time/format/DateTimeFormatterBuilder$ZoneTextPrinterParser.getDisplayName (java.base@21.0.11/DateTimeFormatterBuilder.java:4467)
	at java/time/format/DateTimeFormatterBuilder$ZoneTextPrinterParser.format (java.base@21.0.11/DateTimeFormatterBuilder.java:4518)
	at java/time/format/DateTimeFormatterBuilder$CompositePrinterParser.format (java.base@21.0.11/DateTimeFormatterBuilder.java:2529)
	at java/time/format/DateTimeFormatter.formatTo (java.base@21.0.11/DateTimeFormatter.java:1905)
	at java/time/format/DateTimeFormatter.format (java.base@21.0.11/DateTimeFormatter.java:1879)
	at com/ibm/ws/logging/collector/BurstDateFormat.format (BurstDateFormat.java:112)
	at com/ibm/ws/logging/collector/DateFormatHelper.formatTime (DateFormatHelper.java:97)
	at com/ibm/ws/logging/internal/impl/BaseTraceFormatter.messageLogFormat (BaseTraceFormatter.java:489)
	at com/ibm/ws/logging/internal/impl/BaseTraceService.invokeMessageRouters (BaseTraceService.java:1095)
	at com/ibm/ws/logging/internal/impl/BaseTraceService.echo (BaseTraceService.java:1026)
	at com/ibm/ws/logging/internal/impl/BaseTraceService$TrOutputStream.flush (BaseTraceService.java:2290)
	at java/io/PrintStream.implFlush (java.base@21.0.11/PrintStream.java:471)
	at java/io/PrintStream.flush (java.base@21.0.11/PrintStream.java:463)
	at com/ibm/ws/logging/internal/impl/BaseTraceService$TeePrintStream.print (BaseTraceService.java:2051)
	at java/lang/ThreadGroup.uncaughtException (java.base@21.0.11/ThreadGroup.java:697)
	at java/lang/ThreadGroup.uncaughtException (java.base@21.0.11/ThreadGroup.java:690)
	at java/lang/ThreadGroup.uncaughtException (java.base@21.0.11/ThreadGroup.java:690)
	at java/lang/Thread.uncaughtException (java.base@21.0.11/Thread.java:3131)
java/lang/OutOfMemoryError: Java heap space
	at java/lang/Class.getConstructorImpl (java.base@21.0.11/NativeMethod:4294967295)
	at java/lang/Class.getConstructor (java.base@21.0.11/Class.java:742)
	at java/util/ResourceBundle$ResourceBundleProviderHelper.newResourceBundle (java.base@21.0.11/ResourceBundle.java:3592)
	at java/util/ResourceBundle$1.newResourceBundle (java.base@21.0.11/ResourceBundle.java:417)
	at sun/util/resources/Bundles.findBundleOf (java.base@21.0.11/Bundles.java:209)
	at sun/util/resources/Bundles.findBundleOf (java.base@21.0.11/Bundles.java:160)
	at sun/util/resources/Bundles.loadBundleOf (java.base@21.0.11/Bundles.java:145)
	at sun/util/resources/Bundles.of (java.base@21.0.11/Bundles.java:106)
	at sun/util/resources/LocaleData$1.run (java.base@21.0.11/LocaleData.java:185)
	at sun/util/resources/LocaleData$1.run (java.base@21.0.11/LocaleData.java:182)
	at java/security/AccessController.doPrivileged (java.base@21.0.11/AccessController.java:701)
	at sun/util/resources/LocaleData.getBundle (java.base@21.0.11/LocaleData.java:182)
	at sun/util/resources/LocaleData.getTimeZoneNames (java.base@21.0.11/LocaleData.java:113)
	at sun/util/locale/provider/LocaleResources.getTimeZoneNames (java.base@21.0.11/LocaleResources.java:323)
	at sun/util/locale/provider/TimeZoneNameProviderImpl.getDisplayNameArray (java.base@21.0.11/TimeZoneNameProviderImpl.java:127)
	at sun/util/cldr/CLDRTimeZoneNameProviderImpl.getDisplayNameArray (java.base@21.0.11/CLDRTimeZoneNameProviderImpl.java:75)
	at sun/util/locale/provider/TimeZoneNameProviderImpl.getDisplayName (java.base@21.0.11/TimeZoneNameProviderImpl.java:99)
	at sun/util/locale/provider/TimeZoneNameUtility$TimeZoneNameGetter.getName (java.base@21.0.11/TimeZoneNameUtility.java:271)
	at sun/util/locale/provider/TimeZoneNameUtility$TimeZoneNameGetter.getObject (java.base@21.0.11/TimeZoneNameUtility.java:229)
	at sun/util/locale/provider/TimeZoneNameUtility$TimeZoneNameGetter.getObject (java.base@21.0.11/TimeZoneNameUtility.java:215)
	at sun/util/locale/provider/LocaleServiceProviderPool.getLocalizedObjectImpl (java.base@21.0.11/LocaleServiceProviderPool.java:284)
	at sun/util/locale/provider/LocaleServiceProviderPool.getLocalizedObject (java.base@21.0.11/LocaleServiceProviderPool.java:245)
	at sun/util/locale/provider/TimeZoneNameUtility.retrieveDisplayNamesImpl (java.base@21.0.11/TimeZoneNameUtility.java:197)
	at sun/util/locale/provider/TimeZoneNameUtility.retrieveDisplayNames (java.base@21.0.11/TimeZoneNameUtility.java:120)
	at java/time/format/DateTimeFormatterBuilder$ZoneTextPrinterParser.getDisplayName (java.base@21.0.11/DateTimeFormatterBuilder.java:4467)
	at java/time/format/DateTimeFormatterBuilder$ZoneTextPrinterParser.format (java.base@21.0.11/DateTimeFormatterBuilder.java:4518)
	at java/time/format/DateTimeFormatterBuilder$CompositePrinterParser.format (java.base@21.0.11/DateTimeFormatterBuilder.java:2529)
	at java/time/format/DateTimeFormatter.formatTo (java.base@21.0.11/DateTimeFormatter.java:1905)
	at java/time/format/DateTimeFormatter.format (java.base@21.0.11/DateTimeFormatter.java:1879)
	at com/ibm/ws/logging/collector/BurstDateFormat.format (BurstDateFormat.java:112)
	at com/ibm/ws/logging/collector/DateFormatHelper.formatTime (DateFormatHelper.java:97)
	at com/ibm/ws/logging/internal/impl/BaseTraceFormatter.messageLogFormat (BaseTraceFormatter.java:489)
	at com/ibm/ws/logging/internal/impl/BaseTraceService.invokeMessageRouters (BaseTraceService.java:1095)
	at com/ibm/ws/logging/internal/impl/BaseTraceService.echo (BaseTraceService.java:1026)
	at com/ibm/ws/logging/internal/impl/BaseTraceService$TrOutputStream.flush (BaseTraceService.java:2290)
	at java/io/PrintStream.implFlush (java.base@21.0.11/PrintStream.java:471)
	at java/io/PrintStream.flush (java.base@21.0.11/PrintStream.java:463)
	at com/ibm/ws/logging/internal/impl/BaseTraceService$TeePrintStream.print (BaseTraceService.java:2051)
	at java/lang/ThreadGroup.uncaughtException (java.base@21.0.11/ThreadGroup.java:697)
	at java/lang/ThreadGroup.uncaughtException (java.base@21.0.11/ThreadGroup.java:690)
	at java/lang/ThreadGroup.uncaughtException (java.base@21.0.11/ThreadGroup.java:690)
	at java/lang/Thread.uncaughtException (java.base@21.0.11/Thread.java:3131)
JVMDUMP039I Processing dump event "user", detail "" at 2026/06/02 18:15:55 - please wait.
JVMDUMP032I JVM requested Java dump using '/opt/ibm/wlp/output/defaultServer/javacore.20260602.181555.4735.0014.txt' in response to an event
JVMDUMP010I Java dump written to /opt/ibm/wlp/output/defaultServer/javacore.20260602.181555.4735.0014.txt
JVMDUMP056I Processed dump event "user", detail "" at 2026/06/02 18:15:55 (0.101 seconds).
Exception in thread "Shared TCPChannel NonBlocking Accept Thread" java/lang/OutOfMemoryError: Java heap space
	at java/util/LinkedHashMap.newNode (java.base@21.0.11/LinkedHashMap.java:281)
	at java/util/HashMap.putVal (java.base@21.0.11/HashMap.java:637)
	at java/util/HashMap.put (java.base@21.0.11/HashMap.java:618)
	at sun/util/resources/OpenListResourceBundle.loadLookup (java.base@21.0.11/OpenListResourceBundle.java:146)
	at sun/util/resources/OpenListResourceBundle.loadLookupTablesIfNecessary (java.base@21.0.11/OpenListResourceBundle.java:128)
	at sun/util/resources/OpenListResourceBundle.handleKeySet (java.base@21.0.11/OpenListResourceBundle.java:96)
	at java/util/ResourceBundle.containsKey (java.base@21.0.11/ResourceBundle.java:2308)
	at sun/util/locale/provider/LocaleResources.getTimeZoneNames (java.base@21.0.11/LocaleResources.java:332)
	at sun/util/locale/provider/TimeZoneNameProviderImpl.getDisplayNameArray (java.base@21.0.11/TimeZoneNameProviderImpl.java:127)
	at sun/util/cldr/CLDRTimeZoneNameProviderImpl.getDisplayNameArray (java.base@21.0.11/CLDRTimeZoneNameProviderImpl.java:75)
	at sun/util/locale/provider/TimeZoneNameProviderImpl.getDisplayName (java.base@21.0.11/TimeZoneNameProviderImpl.java:99)
	at sun/util/locale/provider/TimeZoneNameUtility$TimeZoneNameGetter.getName (java.base@21.0.11/TimeZoneNameUtility.java:271)
	at sun/util/locale/provider/TimeZoneNameUtility$TimeZoneNameGetter.getObject (java.base@21.0.11/TimeZoneNameUtility.java:229)
	at sun/util/locale/provider/TimeZoneNameUtility$TimeZoneNameGetter.getObject (java.base@21.0.11/TimeZoneNameUtility.java:215)
	at sun/util/locale/provider/LocaleServiceProviderPool.getLocalizedObjectImpl (java.base@21.0.11/LocaleServiceProviderPool.java:284)
	at sun/util/locale/provider/LocaleServiceProviderPool.getLocalizedObject (java.base@21.0.11/LocaleServiceProviderPool.java:245)
	at sun/util/locale/provider/TimeZoneNameUtility.retrieveDisplayNamesImpl (java.base@21.0.11/TimeZoneNameUtility.java:197)
	at sun/util/locale/provider/TimeZoneNameUtility.retrieveDisplayNames (java.base@21.0.11/TimeZoneNameUtility.java:120)
	at java/time/format/DateTimeFormatterBuilder$ZoneTextPrinterParser.getDisplayName (java.base@21.0.11/DateTimeFormatterBuilder.java:4467)
	at java/time/format/DateTimeFormatterBuilder$ZoneTextPrinterParser.format (java.base@21.0.11/DateTimeFormatterBuilder.java:4518)
	at java/time/format/DateTimeFormatterBuilder$CompositePrinterParser.format (java.base@21.0.11/DateTimeFormatterBuilder.java:2529)
	at java/time/format/DateTimeFormatter.formatTo (java.base@21.0.11/DateTimeFormatter.java:1905)
	at java/time/format/DateTimeFormatter.format (java.base@21.0.11/DateTimeFormatter.java:1879)
	at com/ibm/ws/logging/collector/BurstDateFormat.format (BurstDateFormat.java:112)
	at com/ibm/ws/logging/collector/DateFormatHelper.formatTime (DateFormatHelper.java:97)
	at com/ibm/ws/logging/internal/impl/BaseTraceFormatter.messageLogFormat (BaseTraceFormatter.java:489)
	at com/ibm/ws/logging/internal/impl/BaseTraceService.invokeMessageRouters (BaseTraceService.java:1095)
	at com/ibm/ws/logging/internal/impl/BaseTraceService.echo (BaseTraceService.java:1026)
	at com/ibm/ws/logging/internal/impl/BaseTraceService$TrOutputStream.flush (BaseTraceService.java:2290)
	at java/io/PrintStream.implFlush (java.base@21.0.11/PrintStream.java:471)
	at java/io/PrintStream.flush (java.base@21.0.11/PrintStream.java:463)
	at com/ibm/ws/logging/internal/impl/BaseTraceService$TeePrintStream.print (BaseTraceService.java:2051)
	at java/io/PrintStream.append (java.base@21.0.11/PrintStream.java:1470)
	at java/io/PrintStream.append (java.base@21.0.11/PrintStream.java:75)
	at com/ibm/oti/util/Util.appendTo (java.base@21.0.11/Util.java:241)
	at java/lang/Throwable.printStackTrace (java.base@21.0.11/Throwable.java:560)
	at java/lang/Throwable.printStackTraceHelper (java.base@21.0.11/Throwable.java:346)
	at java/lang/Throwable.printStackTrace (java.base@21.0.11/Throwable.java:315)
	at java/lang/Throwable.printStackTrace (java.base@21.0.11/Throwable.java:258)
