<?xml version="1.0" encoding="US-ASCII" standalone="no"?>
<!DOCTYPE log SYSTEM "logger.dtd">
<log>
<record>
  <date>2026-01-07T06:41:06</date>
  <millis>1767768066393</millis>
  <sequence>4</sequence>
  <logger>com.ibm.ws.install.configmanager.launcher.Launcher</logger>
  <level>INFO</level>
  <class>com.ibm.ws.install.configmanager.launcher.Launcher</class>
  <method>fillInCommandLineArguments</method>
  <thread>1</thread>
  <message>Incoming arguments are: -WS_CMT_ACTION_REGISTRY, /opt/IBM/WebSphere/AppServer/properties/postinstall/deltaActionRegistry.xml, -WS_CMT_EXTENSION, com.ibm.ws.postinstall.cmext.ConfigManagerExtension, -WS_PI_ACTION_REGISTRY_EXTENSION, /opt/IBM/WebSphere/AppServer/properties/postinstall/registryExtension.xml, -actionTarget, install, -WS_CMT_CONF_DIR, /opt/IBM/WebSphere/AppServer/properties/postinstall/, -permissionsProcessing, false</message>
</record>
<record>
  <date>2026-01-07T06:41:06</date>
  <millis>1767768066408</millis>
  <sequence>5</sequence>
  <logger>com.ibm.ws.install.configmanager.osutils.PlatformConstants</logger>
  <level>INFO</level>
  <class>com.ibm.ws.install.configmanager.osutils.PlatformConstants</class>
  <method>getCurrentPlatform</method>
  <thread>1</thread>
  <message>Current platform was detected as Linux</message>
</record>
<record>
  <date>2026-01-07T06:41:06</date>
  <millis>1767768066409</millis>
  <sequence>6</sequence>
  <logger>com.ibm.ws.install.configmanager.osutils.ProcessEnvironment</logger>
  <level>INFO</level>
  <class>com.ibm.ws.install.configmanager.osutils.ProcessEnvironment</class>
  <method>getEnvironmentVariableValue</method>
  <thread>1</thread>
  <message>Value of WS_CMT_EXTRINSICS could not be extracted from the process environment, returning null</message>
</record>
<record>
  <date>2026-01-07T06:41:06</date>
  <millis>1767768066410</millis>
  <sequence>7</sequence>
  <logger>com.ibm.ws.install.configmanager.launcher.ArgumentValueFetcher</logger>
  <level>INFO</level>
  <class>com.ibm.ws.install.configmanager.launcher.ArgumentValueFetcher</class>
  <method>getArgumentValue</method>
  <thread>1</thread>
  <message>Could not resolve this argument: WS_CMT_EXTRINSICS, returning null</message>
</record>
<record>
  <date>2026-01-07T06:41:06</date>
  <millis>1767768066411</millis>
  <sequence>8</sequence>
  <logger>com.ibm.ws.install.configmanager.osutils.ProcessEnvironment</logger>
  <level>INFO</level>
  <class>com.ibm.ws.install.configmanager.osutils.ProcessEnvironment</class>
  <method>getEnvironmentVariableValue</method>
  <thread>1</thread>
  <message>Value of WS_CMT_EXTENSION_LIB could not be extracted from the process environment, returning null</message>
</record>
<record>
  <date>2026-01-07T06:41:06</date>
  <millis>1767768066411</millis>
  <sequence>9</sequence>
  <logger>com.ibm.ws.install.configmanager.launcher.ArgumentValueFetcher</logger>
  <level>INFO</level>
  <class>com.ibm.ws.install.configmanager.launcher.ArgumentValueFetcher</class>
  <method>getArgumentValue</method>
  <thread>1</thread>
  <message>Could not resolve this argument: WS_CMT_EXTENSION_LIB, returning null</message>
</record>
<record>
  <date>2026-01-07T06:41:06</date>
  <millis>1767768066476</millis>
  <sequence>10</sequence>
  <logger>com.ibm.ws.install.configmanager.osutils.ProcessEnvironment</logger>
  <level>INFO</level>
  <class>com.ibm.ws.install.configmanager.osutils.ProcessEnvironment</class>
  <method>getEnvironmentVariableValue</method>
  <thread>1</thread>
  <message>Value of omitAction could not be extracted from the process environment, returning null</message>
</record>
<record>
  <date>2026-01-07T06:41:06</date>
  <millis>1767768066477</millis>
  <sequence>11</sequence>
  <logger>com.ibm.ws.install.configmanager.launcher.ArgumentValueFetcher</logger>
  <level>INFO</level>
  <class>com.ibm.ws.install.configmanager.launcher.ArgumentValueFetcher</class>
  <method>getArgumentValue</method>
  <thread>1</thread>
  <message>Could not resolve this argument: omitAction, returning null</message>
</record>
<record>
  <date>2026-01-07T06:41:06</date>
  <millis>1767768066477</millis>
  <sequence>12</sequence>
  <logger>com.ibm.ws.install.configmanager.osutils.ProcessEnvironment</logger>
  <level>INFO</level>
  <class>com.ibm.ws.install.configmanager.osutils.ProcessEnvironment</class>
  <method>getEnvironmentVariableValue</method>
  <thread>1</thread>
  <message>Value of omitAction1 could not be extracted from the process environment, returning null</message>
</record>
<record>
  <date>2026-01-07T06:41:06</date>
  <millis>1767768066477</millis>
  <sequence>13</sequence>
  <logger>com.ibm.ws.install.configmanager.launcher.ArgumentValueFetcher</logger>
  <level>INFO</level>
  <class>com.ibm.ws.install.configmanager.launcher.ArgumentValueFetcher</class>
  <method>getArgumentValue</method>
  <thread>1</thread>
  <message>Could not resolve this argument: omitAction1, returning null</message>
</record>
<record>
  <date>2026-01-07T06:41:06</date>
  <millis>1767768066477</millis>
  <sequence>14</sequence>
  <logger>com.ibm.ws.install.configmanager.osutils.ProcessEnvironment</logger>
  <level>INFO</level>
  <class>com.ibm.ws.install.configmanager.osutils.ProcessEnvironment</class>
  <method>getEnvironmentVariableValue</method>
  <thread>1</thread>
  <message>Value of PRE_IJC_LIB could not be extracted from the process environment, returning null</message>
</record>
<record>
  <date>2026-01-07T06:41:06</date>
  <millis>1767768066477</millis>
  <sequence>15</sequence>
  <logger>com.ibm.ws.install.configmanager.launcher.ArgumentValueFetcher</logger>
  <level>INFO</level>
  <class>com.ibm.ws.install.configmanager.launcher.ArgumentValueFetcher</class>
  <method>getArgumentValue</method>
  <thread>1</thread>
  <message>Could not resolve this argument: PRE_IJC_LIB, returning null</message>
</record>
<record>
  <date>2026-01-07T06:41:06</date>
  <millis>1767768066479</millis>
  <sequence>16</sequence>
  <logger>com.ibm.ws.install.configmanager.utils.FileUtils</logger>
  <level>INFO</level>
  <class>com.ibm.ws.install.configmanager.utils.FileUtils</class>
  <method>getAllFilesInThisDirectory</method>
  <thread>1</thread>
  <message>/opt/IBM/WebSphere/AppServer/properties/postinstall/lib is not a directory, returning an empty list</message>
</record>
<record>
  <date>2026-01-07T06:41:06</date>
  <millis>1767768066480</millis>
  <sequence>17</sequence>
  <logger>com.ibm.ws.install.configmanager.utils.FileUtils</logger>
  <level>INFO</level>
  <class>com.ibm.ws.install.configmanager.utils.FileUtils</class>
  <method>getAllFilesInThisDirectoryMatchingThisPatternIgnoreCase</method>
  <thread>1</thread>
  <message>List of files in /opt/IBM/WebSphere/AppServer/properties/postinstall/lib matching the pattern ^.*\.jar$ is: {  }</message>
</record>
<record>
  <date>2026-01-07T06:41:06</date>
  <millis>1767768066481</millis>
  <sequence>18</sequence>
  <logger>com.ibm.ws.install.configmanager.utils.ClassPathModifier</logger>
  <level>INFO</level>
  <class>com.ibm.ws.install.configmanager.utils.ClassPathModifier</class>
  <method>addAllJARsInDirectoryToClassPath</method>
  <thread>1</thread>
  <message>ListJAR files in found in /opt/IBM/WebSphere/AppServer/properties/postinstall/lib is: {  }</message>
</record>
<record>
  <date>2026-01-07T06:41:06</date>
  <millis>1767768066481</millis>
  <sequence>19</sequence>
  <logger>com.ibm.ws.install.configmanager.osutils.ProcessEnvironment</logger>
  <level>INFO</level>
  <class>com.ibm.ws.install.configmanager.osutils.ProcessEnvironment</class>
  <method>getEnvironmentVariableValue</method>
  <thread>1</thread>
  <message>Value of POST_IJC_LIB could not be extracted from the process environment, returning null</message>
</record>
<record>
  <date>2026-01-07T06:41:06</date>
  <millis>1767768066481</millis>
  <sequence>20</sequence>
  <logger>com.ibm.ws.install.configmanager.launcher.ArgumentValueFetcher</logger>
  <level>INFO</level>
  <class>com.ibm.ws.install.configmanager.launcher.ArgumentValueFetcher</class>
  <method>getArgumentValue</method>
  <thread>1</thread>
  <message>Could not resolve this argument: POST_IJC_LIB, returning null</message>
</record>
<record>
  <date>2026-01-07T06:41:06</date>
  <millis>1767768066482</millis>
  <sequence>21</sequence>
  <logger>com.ibm.ws.install.configmanager.ConfigManager</logger>
  <level>INFO</level>
  <class>com.ibm.ws.install.configmanager.ConfigManager</class>
  <method>executeActions</method>
  <thread>1</thread>
  <message>List of all actions found in the repository: [com.ibm.ws.install.configmanager.actionengine.ConfigAction-/opt/IBM/WebSphere/AppServer/properties/postinstall/actions/changeInterpreterToBash.ant]</message>
</record>
<record>
  <date>2026-01-07T06:41:06</date>
  <millis>1767768066490</millis>
  <sequence>22</sequence>
  <logger>com.ibm.ws.postinstall.cmext.ConfigManagerExtension</logger>
  <level>INFO</level>
  <class>com.ibm.ws.postinstall.cmext.ConfigManagerExtension</class>
  <method>preprocessing</method>
  <thread>1</thread>
  <message>WAS_HOME =  /opt/IBM/WebSphere/AppServer</message>
</record>
<record>
  <date>2026-01-07T06:41:06</date>
  <millis>1767768066494</millis>
  <sequence>23</sequence>
  <logger>com.ibm.ws.postinstall.cmext.ConfigManagerExtension</logger>
  <level>INFO</level>
  <class>com.ibm.ws.postinstall.cmext.ConfigManagerExtension</class>
  <method>preprocessing</method>
  <thread>1</thread>
  <message>Candidate actions (in order) for install processing: changeInterpreterToBash.ant</message>
</record>
<record>
  <date>2026-01-07T06:41:06</date>
  <millis>1767768066497</millis>
  <sequence>24</sequence>
  <logger>com.ibm.ws.postinstall.cmext.ConfigManagerExtension</logger>
  <level>INFO</level>
  <class>com.ibm.ws.postinstall.cmext.ConfigManagerExtension</class>
  <method>configurationActionPreprocessor</method>
  <thread>1</thread>
  <message>preprocessing config action /opt/IBM/WebSphere/AppServer/properties/postinstall/actions/changeInterpreterToBash.ant</message>
</record>
<record>
  <date>2026-01-07T06:41:06</date>
  <millis>1767768066497</millis>
  <sequence>25</sequence>
  <logger>com.ibm.ws.postinstall.cmext.ConfigManagerExtension</logger>
  <level>INFO</level>
  <class>com.ibm.ws.postinstall.cmext.ConfigManagerExtension</class>
  <method>configurationActionPreprocessor</method>
  <thread>1</thread>
  <message>profileUpdate attribute =  false</message>
</record>
<record>
  <date>2026-01-07T06:41:06</date>
  <millis>1767768066497</millis>
  <sequence>26</sequence>
  <logger>com.ibm.ws.postinstall.cmext.ConfigManagerExtension</logger>
  <level>INFO</level>
  <class>com.ibm.ws.postinstall.cmext.ConfigManagerExtension</class>
  <method>configurationActionPreprocessor</method>
  <thread>1</thread>
  <message>alwaysExecute attribute =  true</message>
</record>
<record>
  <date>2026-01-07T06:41:06</date>
  <millis>1767768066497</millis>
  <sequence>27</sequence>
  <logger>com.ibm.ws.postinstall.cmext.ConfigManagerExtension</logger>
  <level>INFO</level>
  <class>com.ibm.ws.postinstall.cmext.ConfigManagerExtension</class>
  <method>configurationActionPreprocessor</method>
  <thread>1</thread>
  <message>altersFile attribute =  </message>
</record>
<record>
  <date>2026-01-07T06:41:06</date>
  <millis>1767768066498</millis>
  <sequence>28</sequence>
  <logger>com.ibm.ws.postinstall.cmext.ConfigManagerExtension</logger>
  <level>INFO</level>
  <class>com.ibm.ws.postinstall.cmext.ConfigManagerExtension</class>
  <method>configurationActionPreprocessor</method>
  <thread>1</thread>
  <message>action target =  install</message>
</record>
<record>
  <date>2026-01-07T06:41:06</date>
  <millis>1767768066498</millis>
  <sequence>29</sequence>
  <logger>com.ibm.ws.postinstall.cmext.ConfigManagerExtension</logger>
  <level>INFO</level>
  <class>com.ibm.ws.postinstall.cmext.ConfigManagerExtension</class>
  <method>configurationActionPreprocessor</method>
  <thread>1</thread>
  <message>permissionsProcessing =  false</message>
</record>
<record>
  <date>2026-01-07T06:41:06</date>
  <millis>1767768066498</millis>
  <sequence>30</sequence>
  <logger>com.ibm.ws.postinstall.cmext.ConfigManagerExtension</logger>
  <level>INFO</level>
  <class>com.ibm.ws.postinstall.cmext.ConfigManagerExtension</class>
  <method>configurationActionPreprocessor</method>
  <thread>1</thread>
  <message>profilePath =  null</message>
</record>
<record>
  <date>2026-01-07T06:41:07</date>
  <millis>1767768067081</millis>
  <sequence>31</sequence>
  <logger>com.ibm.ws.postinstall.cmext.ConfigManagerExtension</logger>
  <level>INFO</level>
  <class>com.ibm.ws.postinstall.cmext.ConfigManagerExtension</class>
  <method>configurationActionPreprocessor</method>
  <thread>1</thread>
  <message>management workspace =  /opt/IBM/WebSphere/AppServer/properties/workspace</message>
</record>
<record>
  <date>2026-01-07T06:41:07</date>
  <millis>1767768067085</millis>
  <sequence>32</sequence>
  <logger>com.ibm.ws.install.configmanager.actionengine.ANTAction</logger>
  <level>INFO</level>
  <class>com.ibm.ws.install.configmanager.actionengine.ANTAction</class>
  <method>executeAction</method>
  <thread>1</thread>
  <message>Using an InProcess ANT call to execute this action: /opt/IBM/WebSphere/AppServer/properties/postinstall/actions/changeInterpreterToBash.ant</message>
</record>
<record>
  <date>2026-01-07T06:41:07</date>
  <millis>1767768067111</millis>
  <sequence>33</sequence>
  <logger>com.ibm.ws.install.configmanager.actionengine.ant.utils.InProcessAntRunner</logger>
  <level>INFO</level>
  <class>com.ibm.ws.install.configmanager.actionengine.ant.utils.InProcessAntRunner</class>
  <method>logOutputMessage</method>
  <thread>1</thread>
  <message>Buildfile: /opt/IBM/WebSphere/AppServer/properties/postinstall/actions/changeInterpreterToBash.ant</message>
</record>
<record>
  <date>2026-01-07T06:41:07</date>
  <millis>1767768067163</millis>
  <sequence>34</sequence>
  <logger>com.ibm.ws.install.configmanager.actionengine.ant.utils.ANTLogToCmtLogAdapter</logger>
  <level>INFO</level>
  <class>com.ibm.ws.install.configmanager.actionengine.ant.utils.ANTLogToCmtLogAdapter</class>
  <method>buildStarted</method>
  <thread>1</thread>
  <message>Build started.</message>
</record>
<record>
  <date>2026-01-07T06:41:07</date>
  <millis>1767768067691</millis>
  <sequence>35</sequence>
  <logger>com.ibm.ws.install.configmanager.actionengine.ant.utils.ANTLogToCmtLogAdapter</logger>
  <level>INFO</level>
  <class>com.ibm.ws.install.configmanager.actionengine.ant.utils.ANTLogToCmtLogAdapter</class>
  <method>targetStarted</method>
  <thread>1</thread>
  <message>Target started for: checkLSB</message>
</record>
<record>
  <date>2026-01-07T06:41:07</date>
  <millis>1767768067712</millis>
  <sequence>36</sequence>
  <logger>com.ibm.ws.install.configmanager.actionengine.ant.utils.ANTLogToCmtLogAdapter</logger>
  <level>INFO</level>
  <class>com.ibm.ws.install.configmanager.actionengine.ant.utils.ANTLogToCmtLogAdapter</class>
  <method>targetFinished</method>
  <thread>1</thread>
  <message>Target stopped for: checkLSB - SUCCESS</message>
</record>
<record>
  <date>2026-01-07T06:41:07</date>
  <millis>1767768067717</millis>
  <sequence>37</sequence>
  <logger>com.ibm.ws.install.configmanager.actionengine.ant.utils.ANTLogToCmtLogAdapter</logger>
  <level>INFO</level>
  <class>com.ibm.ws.install.configmanager.actionengine.ant.utils.ANTLogToCmtLogAdapter</class>
  <method>targetStarted</method>
  <thread>1</thread>
  <message>Target started for: checkIsUbuntu</message>
</record>
<record>
  <date>2026-01-07T06:41:07</date>
  <millis>1767768067718</millis>
  <sequence>38</sequence>
  <logger>com.ibm.ws.install.configmanager.actionengine.ant.utils.ANTLogToCmtLogAdapter</logger>
  <level>INFO</level>
  <class>com.ibm.ws.install.configmanager.actionengine.ant.utils.ANTLogToCmtLogAdapter</class>
  <method>targetFinished</method>
  <thread>1</thread>
  <message>Target stopped for: checkIsUbuntu - SUCCESS</message>
</record>
<record>
  <date>2026-01-07T06:41:07</date>
  <millis>1767768067718</millis>
  <sequence>39</sequence>
  <logger>com.ibm.ws.install.configmanager.actionengine.ant.utils.ANTLogToCmtLogAdapter</logger>
  <level>INFO</level>
  <class>com.ibm.ws.install.configmanager.actionengine.ant.utils.ANTLogToCmtLogAdapter</class>
  <method>targetStarted</method>
  <thread>1</thread>
  <message>Target started for: changeInterpreterToBash</message>
</record>
<record>
  <date>2026-01-07T06:41:07</date>
  <millis>1767768067718</millis>
  <sequence>40</sequence>
  <logger>com.ibm.ws.install.configmanager.actionengine.ant.utils.ANTLogToCmtLogAdapter</logger>
  <level>INFO</level>
  <class>com.ibm.ws.install.configmanager.actionengine.ant.utils.ANTLogToCmtLogAdapter</class>
  <method>targetFinished</method>
  <thread>1</thread>
  <message>Target stopped for: changeInterpreterToBash - SUCCESS</message>
</record>
<record>
  <date>2026-01-07T06:41:07</date>
  <millis>1767768067718</millis>
  <sequence>41</sequence>
  <logger>com.ibm.ws.install.configmanager.actionengine.ant.utils.ANTLogToCmtLogAdapter</logger>
  <level>INFO</level>
  <class>com.ibm.ws.install.configmanager.actionengine.ant.utils.ANTLogToCmtLogAdapter</class>
  <method>targetStarted</method>
  <thread>1</thread>
  <message>Target started for: install</message>
</record>
<record>
  <date>2026-01-07T06:41:07</date>
  <millis>1767768067718</millis>
  <sequence>42</sequence>
  <logger>com.ibm.ws.install.configmanager.actionengine.ant.utils.ANTLogToCmtLogAdapter</logger>
  <level>INFO</level>
  <class>com.ibm.ws.install.configmanager.actionengine.ant.utils.ANTLogToCmtLogAdapter</class>
  <method>targetFinished</method>
  <thread>1</thread>
  <message>Target stopped for: install - SUCCESS</message>
</record>
<record>
  <date>2026-01-07T06:41:07</date>
  <millis>1767768067718</millis>
  <sequence>43</sequence>
  <logger>com.ibm.ws.install.configmanager.actionengine.ant.utils.ANTLogToCmtLogAdapter</logger>
  <level>INFO</level>
  <class>com.ibm.ws.install.configmanager.actionengine.ant.utils.ANTLogToCmtLogAdapter</class>
  <method>buildFinished</method>
  <thread>1</thread>
  <message>Build stopped - SUCCESS</message>
</record>
<record>
  <date>2026-01-07T06:41:07</date>
  <millis>1767768067719</millis>
  <sequence>44</sequence>
  <logger>com.ibm.ws.install.configmanager.actionengine.ANTAction</logger>
  <level>INFO</level>
  <class>com.ibm.ws.install.configmanager.actionengine.ANTAction</class>
  <method>executeAction</method>
  <thread>1</thread>
  <message>Result of executing /opt/IBM/WebSphere/AppServer/properties/postinstall/actions/changeInterpreterToBash.ant was: true</message>
</record>
<record>
  <date>2026-01-07T06:41:07</date>
  <millis>1767768067719</millis>
  <sequence>45</sequence>
  <logger>com.ibm.ws.install.configmanager.ConfigManager</logger>
  <level>INFO</level>
  <class>com.ibm.ws.install.configmanager.ConfigManager</class>
  <method>executeAllActionsFound</method>
  <thread>1</thread>
  <message>Configuration action succeeded: com.ibm.ws.install.configmanager.actionengine.ConfigAction-/opt/IBM/WebSphere/AppServer/properties/postinstall/actions/changeInterpreterToBash.ant</message>
</record>
<record>
  <date>2026-01-07T06:41:07</date>
  <millis>1767768067719</millis>
  <sequence>46</sequence>
  <logger>com.ibm.ws.install.configmanager.ConfigManager</logger>
  <level>INFO</level>
  <class>com.ibm.ws.install.configmanager.ConfigManager</class>
  <method>launch</method>
  <thread>1</thread>
  <message>No errors were encountered while executing the repository actions</message>
</record>
<record>
  <date>2026-01-07T06:41:07</date>
  <millis>1767768067720</millis>
  <sequence>47</sequence>
  <logger>com.ibm.ws.install.configmanager.ConfigManager</logger>
  <level>INFO</level>
  <class>com.ibm.ws.install.configmanager.ConfigManager</class>
  <method>launch</method>
  <thread>1</thread>
  <message>Returning with return code: INSTCONFSUCCESS</message>
</record>
</log>
