<?xml version="1.0" encoding="US-ASCII" standalone="no"?>
<!DOCTYPE log SYSTEM "logger.dtd">
<log>
<record>
  <date>2026-01-07T06:41:06</date>
  <millis>1767768066331</millis>
  <sequence>0</sequence>
  <logger>com.ibm.ws.postinstall</logger>
  <level>INFO</level>
  <class>com.ibm.ws.postinstall.LaunchUnifiedPostInstaller</class>
  <method>runPostinstaller</method>
  <thread>1</thread>
  <message>-DELTA_ACTION_REGISTRY was not specified. Using default value /opt/IBM/WebSphere/AppServer/properties/postinstall/deltaActionRegistry.xml
</message>
</record>
<record>
  <date>2026-01-07T06:41:06</date>
  <millis>1767768066368</millis>
  <sequence>1</sequence>
  <logger>com.ibm.ws.postinstall</logger>
  <level>INFO</level>
  <class>com.ibm.ws.postinstall.LaunchUnifiedPostInstaller</class>
  <method>writeParamsToLog</method>
  <thread>1</thread>
  <message>Parameters are:  -WS_CMT_CONF_DIR  =  /opt/IBM/WebSphere/AppServer/properties/postinstall/
-SUB_ACTION_REGISTRY  =  /opt/IBM/WebSphere/AppServer/properties/postinstall/cacheRegistry.xml
-WS_CMT_LOG_HOME  =  /opt/IBM/WebSphere/AppServer/logs/postinstall/
WAS_HOME  =  /opt/IBM/WebSphere/AppServer
-POSTINSTALL_LOG_FILE  =  /opt/IBM/WebSphere/AppServer/logs/postinstall/postinstall.log
-MASTER_ACTION_REGISTRY  =  /opt/IBM/WebSphere/AppServer/properties/postinstall/masterRegistry.xml
-DELTA_ACTION_REGISTRY  =  /opt/IBM/WebSphere/AppServer/properties/postinstall/deltaActionRegistry.xml
-WS_PI_ACTION_REGISTRY_EXTENSION  =  /opt/IBM/WebSphere/AppServer/properties/postinstall/registryExtension.xml
</message>
</record>
<record>
  <date>2026-01-07T06:41:06</date>
  <millis>1767768066378</millis>
  <sequence>2</sequence>
  <logger>com.ibm.ws.postinstall</logger>
  <level>INFO</level>
  <class>com.ibm.ws.postinstall.LaunchUnifiedPostInstaller</class>
  <method>launchConfigManager</method>
  <thread>1</thread>
  <message>Install or uninstall: install</message>
</record>
<record>
  <date>2026-01-07T06:41:06</date>
  <millis>1767768066379</millis>
  <sequence>3</sequence>
  <logger>com.ibm.ws.postinstall</logger>
  <level>INFO</level>
  <class>com.ibm.ws.postinstall.LaunchUnifiedPostInstaller</class>
  <method>launchConfigManagerWithRegistry</method>
  <thread>1</thread>
  <message>WS_CMT_LOG_HOME is in /opt/IBM/WebSphere/AppServer/logs/postinstall//postinstallerConfigActions1767768066379.log</message>
</record>
<record>
  <date>2026-01-07T06:41:07</date>
  <millis>1767768067720</millis>
  <sequence>48</sequence>
  <logger>com.ibm.ws.postinstall</logger>
  <level>INFO</level>
  <class>com.ibm.ws.postinstall.LaunchUnifiedPostInstaller</class>
  <method>logReturnCode</method>
  <thread>1</thread>
  <message>INSTCONFSUCCESS: All config actions ran successfully with return code 0</message>
</record>
</log>
