<?xml version="1.0" encoding="US-ASCII" standalone="no"?>
<!DOCTYPE log SYSTEM "logger.dtd">
<log>
<record>
  <date>2026-01-07T15:47:21</date>
  <millis>1767800841753</millis>
  <sequence>2</sequence>
  <logger>com.ibm.ws.postinstall</logger>
  <level>INFO</level>
  <class>com.ibm.ws.postinstall.LaunchUnifiedPostInstaller</class>
  <method>runPostinstaller</method>
  <thread>1</thread>
  <message>-WS_PI_ACTION_REGISTRY_EXTENSION was not specified. Using default value /opt/IBM/WebSphere/AppServer/properties/postinstall/registryExtension.xml
-DELTA_ACTION_REGISTRY was not specified. Using default value /opt/IBM/WebSphere/AppServer/profiles/AppSrv01/properties/service/productDir/PreConfigActions/deltaActionRegistry.xml
</message>
</record>
<record>
  <date>2026-01-07T15:47:21</date>
  <millis>1767800841754</millis>
  <sequence>3</sequence>
  <logger>com.ibm.ws.postinstall</logger>
  <level>INFO</level>
  <class>com.ibm.ws.postinstall.LaunchUnifiedPostInstaller</class>
  <method>writeParamsToLog</method>
  <thread>1</thread>
  <message>Parameters are:  -PROFILE_MASTER_ACTION_REGISTRY  =  /opt/IBM/WebSphere/AppServer/properties/service/productDir/PreConfigActions/service/masterActionRegistry.xml
-MASTER_ACTION_REGISTRY  =  /opt/IBM/WebSphere/AppServer/properties/postinstall/masterRegistry.xml
-WS_CMT_LOG_HOME  =  /opt/IBM/WebSphere/AppServer/profiles/AppSrv01/logs/service/productDir/PreConfigActions
-WS_PI_ACTION_REGISTRY_EXTENSION  =  /opt/IBM/WebSphere/AppServer/properties/postinstall/registryExtension.xml
-SUB_ACTION_REGISTRY  =  /opt/IBM/WebSphere/AppServer/properties/postinstall/masterRegistry.xml
-NO_CACHE_CREATE  =  TRUE
-PROFILE_SUB_ACTION_REGISTRY  =  /opt/IBM/WebSphere/AppServer/profiles/AppSrv01/properties/service/productDir/PreConfigActions/cacheActionRegistry.xml
-WS_CMT_CONF_DIR  =  /opt/IBM/WebSphere/AppServer/properties/service/productDir/PreConfigActions/service
WAS_HOME  =  /opt/IBM/WebSphere/AppServer
-PROFILE_ACTION_REGISTRY_EXTENSION  =  /opt/IBM/WebSphere/AppServer/properties/service/productDir/PreConfigActions/service/registryExtension.xml
-POSTINSTALL_LOG_FILE  =  /opt/IBM/WebSphere/AppServer/profiles/AppSrv01/logs/service/productDir/PreConfigActions/postinstall.log
-profilePath  =  /opt/IBM/WebSphere/AppServer/profiles/AppSrv01
-WS_PI_REGISTRY_EXTENSION  =  /opt/IBM/WebSphere/AppServer/properties/postinstall/registryExtension.xml
-DELTA_ACTION_REGISTRY  =  /opt/IBM/WebSphere/AppServer/profiles/AppSrv01/properties/service/productDir/PreConfigActions/deltaActionRegistry.xml
</message>
</record>
<record>
  <date>2026-01-07T15:47:21</date>
  <millis>1767800841775</millis>
  <sequence>4</sequence>
  <logger>com.ibm.ws.postinstall</logger>
  <level>INFO</level>
  <class>com.ibm.ws.postinstall.LaunchUnifiedPostInstaller</class>
  <method>launchConfigManager</method>
  <thread>1</thread>
  <message>Install or uninstall: install</message>
</record>
<record>
  <date>2026-01-07T15:47:21</date>
  <millis>1767800841776</millis>
  <sequence>5</sequence>
  <logger>com.ibm.ws.postinstall</logger>
  <level>INFO</level>
  <class>com.ibm.ws.postinstall.LaunchUnifiedPostInstaller</class>
  <method>launchConfigManagerWithRegistry</method>
  <thread>1</thread>
  <message>WS_CMT_LOG_HOME is in /opt/IBM/WebSphere/AppServer/profiles/AppSrv01/logs/service/productDir/PreConfigActions/postinstallerConfigActions1767800841776.log</message>
</record>
<record>
  <date>2026-01-07T15:47:22</date>
  <millis>1767800842236</millis>
  <sequence>53</sequence>
  <logger>com.ibm.ws.postinstall</logger>
  <level>INFO</level>
  <class>com.ibm.ws.postinstall.LaunchUnifiedPostInstaller</class>
  <method>logReturnCode</method>
  <thread>1</thread>
  <message>INSTCONFSUCCESS: All config actions ran successfully with return code 0</message>
</record>
</log>
