************ Start Display Current Environment ************
WebSphere Platform 9.0.5.26 [BASE 9.0.5.26 f5262545.03] [JAVA8 8.0.8.55 pxa6480sr8fp55-20251007_01] running with process name DefaultCell01\DefaultNode01\server1 and process id 658
Full server name is DefaultCell01\DefaultNode01\server1-658
Detailed IFix information: none
Host Operating System is Linux, version 6.17.7-300.fc43.aarch64
Java version = 1.8.0_471, Java Runtime Version = 8.0.8.55 - pxa6480sr8fp55-20251007_01(SR8 FP55), Java Compiler = j9jit29, Java VM name = IBM J9 VM
was.install.root = /opt/IBM/WebSphere/AppServer
user.install.root = /opt/IBM/WebSphere/AppServer/profiles/AppSrv01
Java Home = /opt/IBM/WebSphere/AppServer/java/8.0/jre
ws.ext.dirs = /opt/IBM/WebSphere/AppServer/java/8.0/lib:/opt/IBM/WebSphere/AppServer/profiles/AppSrv01/classes:/opt/IBM/WebSphere/AppServer/classes:/opt/IBM/WebSphere/AppServer/lib:/opt/IBM/WebSphere/AppServer/installedChannels:/opt/IBM/WebSphere/AppServer/lib/ext:/opt/IBM/WebSphere/AppServer/web/help:/opt/IBM/WebSphere/AppServer/deploytool/itp/plugins/com.ibm.etools.ejbdeploy/runtime
Classpath = /opt/IBM/WebSphere/AppServer/profiles/AppSrv01/properties:/opt/IBM/WebSphere/AppServer/properties:/opt/IBM/WebSphere/AppServer/lib/startup.jar:/opt/IBM/WebSphere/AppServer/lib/bootstrap.jar:/opt/IBM/WebSphere/AppServer/lib/lmproxy.jar:/opt/IBM/WebSphere/AppServer/lib/urlprotocols.jar:/opt/IBM/WebSphere/AppServer/deploytool/itp/batchboot.jar:/opt/IBM/WebSphere/AppServer/deploytool/itp/batch2.jar:/opt/IBM/WebSphere/AppServer/java/8.0/lib/tools.jar
Java Library path = /opt/IBM/WebSphere/AppServer/lib/native/linux/x86_64/:/opt/IBM/WebSphere/AppServer/java/8.0/jre/lib/amd64/compressedrefs:/opt/IBM/WebSphere/AppServer/java/8.0/jre/lib/amd64:/opt/IBM/WebSphere/AppServer/bin:/opt/IBM/WebSphere/AppServer/nulldllsdir:/usr/lib64:/usr/lib:
Orb Version = IBM Java ORB build orbdev-userlvl-20250818.0527
Max file descriptor count = 1048576
************* End Display Current Environment *************
[1/7/26 15:47:58:505 UTC] 00000001 ManagerAdmin  I   TRAS0017I: The startup trace state is *=info.
[1/7/26 15:47:58:505 UTC] 00000001 ManagerAdmin  I   TRAS0111I: The message IDs that are in use are deprecated
[1/7/26 15:47:58:537 UTC] 00000001 ModelMgr      I   WSVR0800I: Initializing core configuration models
[1/7/26 15:47:58:907 UTC] 00000001 ComponentMeta I   WSVR0179I: The runtime provisioning feature is disabled. All components will be started.
[1/7/26 15:47:58:977 UTC] 00000001 ProviderTrack I com.ibm.ffdc.osgi.ProviderTracker AddingService FFDC1007I: FFDC Provider Installed: com.ibm.ws.ffdc.impl.FfdcProvider@88e71ecf
[1/7/26 15:47:59:058 UTC] 00000001 AdminInitiali A   ADMN0015I: The administration service is initialized.
[1/7/26 15:47:59:450 UTC] 00000001 PluginConfigS I   PLGC0057I: The plug-in configuration service started successfully.
[1/7/26 15:47:59:535 UTC] 00000001 SSLComponentI I   CWPKI0001I: SSL service is initializing the configuration
[1/7/26 15:47:59:539 UTC] 00000001 SSLConfigMana I   CWPKI0055I: The SSL configuration is initializing.
[1/7/26 15:47:59:542 UTC] 00000001 FIPSManager   I   CWPKI0044I: FIPS security mode is : No FIPS property found. 
[1/7/26 15:47:59:543 UTC] 00000001 SSLConfigMana I   CWPKI0051I: The process has the java security property jdk.certpath.disabledAlgorithms set to [MD2, MD5, SHA1 jdkCA & usage TLSServer, RSA keySize < 1024, DSA keySize < 1024, EC keySize < 224, include jdk.disabled.namedCurves, SHA1 usage SignedJAR & denyAfter 2019-01-01].  The WebSphere Application server is setting the java security property jdk.certpath.disabledAlgorithms to [MD2, MD5, SHA1 jdkCA & usage TLSServer, RSA keySize < 1024, DSA keySize < 1024, EC keySize < 224]. 
[1/7/26 15:47:59:544 UTC] 00000001 SSLConfigMana I   CWPKI0051I: The process has the java security property jdk.tls.disabledAlgorithms set to [SSLv3, TLSv1, TLSv1.1, RC4, DES, MD5withRSA, DH keySize < 1024, DESede, EC keySize < 224, 3DES_EDE_CBC, anon, NULL, ECDH, include jdk.disabled.namedCurves].  The WebSphere Application server is setting the java security property jdk.tls.disabledAlgorithms to [SSLv3, RC4, DES, MD5withRSA, DH keySize < 1024, DESede, EC keySize < 224, 3DES_EDE_CBC, anon, NULL, DES_CBC]. 
[1/7/26 15:47:59:546 UTC] 00000001 WSKeyStore    W   CWPKI0041W: One or more key stores are using the default password.
[1/7/26 15:48:00:534 UTC] 00000001 ModelMgr      I   WSVR0801I: Initializing all server configuration models
[1/7/26 15:48:01:506 UTC] 00000001 CertificateMa A   Self Signed Certificate: notBefore time: Tue Jan 06 15:47:59 UTC 2026 notAfter time: Wed Jan 02 15:47:59 UTC 2041
[1/7/26 15:48:02:643 UTC] 00000001 CertificateMa A   Chained Certificate
	 Owner: CN=localhost, OU=DefaultCell01, OU=DefaultNode01, O=IBM, C=US
	 Issuer: CN=localhost, OU=Root Certificate, OU=DefaultCell01, OU=DefaultNode01, O=IBM, C=US
	 Not Before: Tue Jan 06 15:48:02 UTC 2026
	 Not After: Wed Jan 06 15:48:02 UTC 2027
	 Serial: 4968391672747
[1/7/26 15:48:02:678 UTC] 00000001 SSLConfigMana I   CWPKI0027I: Disabling default hostname verification for HTTPS URL connections.
[1/7/26 15:48:02:678 UTC] 00000001 SSLConfigMana I   CWPKI0056I: The SSL configuration was initialized.  
[1/7/26 15:48:02:683 UTC] 00000001 SSLDiagnostic I   CWPKI0014I: The SSL component's FFDC Diagnostic Module com.ibm.ws.ssl.core.SSLDiagnosticModule registered successfully: true.
[1/7/26 15:48:02:685 UTC] 00000001 WSScheduler   I   CWPKI0057I: The WSScheduler is initializing.
[1/7/26 15:48:02:686 UTC] 00000001 WSScheduler   I   CWPKI0058I: The WSScheduler was initialized.
[1/7/26 15:48:02:686 UTC] 00000001 SSLComponentI I   CWPKI0002I: SSL service initialization completed successfully
[1/7/26 15:48:02:691 UTC] 00000001 DiagnosticCon I com.ibm.wsspi.rasdiag.DiagnosticConfigHome setStateCollectionSpec RASD0012I: Updating State Collection Spec from Uninitialized Value to .*:.*=0
[1/7/26 15:48:02:693 UTC] 00000001 PMIImpl       A   CWPMI1001I: PMI is enabled
[1/7/26 15:48:02:746 UTC] 00000001 ImplFactory   W   WSVR0074W: An implementation is not registered for interface, com.ibm.ws.management.util.PlatformUtils
[1/7/26 15:48:02:864 UTC] 00000001 GAPAgentCompo I   CWLRS6000I: GAP (Grid Application Placement) Component has initialized successfully on process UnManagedProcess.
[1/7/26 15:48:02:878 UTC] 00000001 SibMessage    I   [:] CWSIU0000I: Release: WAS90.SIB Level: f5262545.03
[1/7/26 15:48:02:918 UTC] 00000001 SecurityDM    I   SECJ0231I: The Security component's FFDC Diagnostic Module com.ibm.ws.security.core.SecurityDM registered successfully: true.
[1/7/26 15:48:02:926 UTC] 00000001 distSecurityC I   SECJ6004I: Security Auditing is disabled. 
[1/7/26 15:48:02:933 UTC] 00000001 distSecurityC I   SECJ0309I: Java 2 Security is disabled.
[1/7/26 15:48:02:934 UTC] 00000001 Configuration A   SECJ0215I: Successfully set JAAS login provider configuration class to com.ibm.ws.security.auth.login.Configuration.
[1/7/26 15:48:02:949 UTC] 00000001 distSecurityC I   SECJ0240I: Security service initialization completed successfully
[1/7/26 15:48:03:205 UTC] 00000001 JAASLoginConf I   SECJ0212I: WCCM JAAS configuration information successfully pushed to login provider class.
[1/7/26 15:48:03:210 UTC] 00000001 J2EEServiceMa I   ASYN0059I: Work Manager service initialized successfully.
[1/7/26 15:48:03:241 UTC] 00000001 CScopeCompone I   CSCP0002I: Compensation service is disabled.
[1/7/26 15:48:03:286 UTC] 00000001 SibMessage    I   [:] CWSID0006I: The SIB service was not enabled and will not be started.
[1/7/26 15:48:03:287 UTC] 00000001 ActivitySessi I   WACS0045I: ActivitySession service is disabled.
[1/7/26 15:48:03:291 UTC] 00000001 AppProfileCom I   ACIN0030I: Application Profiling service is disabled.
[1/7/26 15:48:03:298 UTC] 00000001 SOAPContainer I   WSWS1062I: The SOAP Container service has been initialized.
[1/7/26 15:48:03:562 UTC] 00000001 SchedulerServ I   SCHD0036I: The Scheduler Service is initializing.
[1/7/26 15:48:03:567 UTC] 00000001 SchedulerServ I   SCHD0037I: The Scheduler Service has been initialized.
[1/7/26 15:48:03:571 UTC] 00000001 JPAComponentI I   CWWJP0026I: The Java Persistence API (JPA) component is initializing.
[1/7/26 15:48:03:573 UTC] 00000001 JPAComponentI I   CWWJP0027I: The Java Persistence API (JPA) component has initialized.
[1/7/26 15:48:03:575 UTC] 00000001 JavaMailCompo I   CWRMS0006I: The WebSphere MailSession component has initialized.
[1/7/26 15:48:03:710 UTC] 00000001 ApplicationRe I ApplicationRepositoryFactory  CWSCT0405I: The application router is configured to select applications by the weight.
[1/7/26 15:48:03:712 UTC] 00000001 ApplicationRe I ApplicationRepositoryFactory  CWSCT0415I: Loading default application router, weight strategy.
[1/7/26 15:48:03:713 UTC] 00000001 DefaultApplic I DefaultApplicationRouter  CWSCT0401I: Default application router has been initialized.
[1/7/26 15:48:03:717 UTC] 00000001 WebsphereComm I WebsphereCommonLauncher  CWSCT0332I: SIP Container was launched successfully but will only be initialized when first SIP application is loaded.
[1/7/26 15:48:03:781 UTC] 00000001 StartUpServic I   STUP0008I: The Startup Beans service is disabled.
[1/7/26 15:48:03:787 UTC] 00000001 I18nService   I   I18N0010I: The Internationalization service is created on server1.
[1/7/26 15:48:03:788 UTC] 00000001 I18nServiceSe I   I18N0010I: The Internationalization service is disabled on server1.
[1/7/26 15:48:03:813 UTC] 00000001 GridConfigura I   CWLRB5871I: The GridConfigurator initialized successfully.
[1/7/26 15:48:03:820 UTC] 00000001 GridDBConfigu I   CWLRB5874I: The GridDBConfigurator initialized successfully.
[1/7/26 15:48:03:821 UTC] 00000001 BatchSensorCo I   CWLRB5902I: BatchSensorComponent initializing.
[1/7/26 15:48:03:821 UTC] 00000001 BatchSensorCo I   CWLRB5903I: BatchSensorComponent initialized successfully.
[1/7/26 15:48:03:850 UTC] 00000001 SchedulerComp I   CWLRB5856I: The RUN_IN_MIXED_MODE property has a value of false.
[1/7/26 15:48:03:932 UTC] 00000001 SSLComponentI I   CWPKI0003I: SSL service is starting
[1/7/26 15:48:03:936 UTC] 00000001 SSLComponentI I   CWPKI0004I: SSL service started successfully
[1/7/26 15:48:04:000 UTC] 00000001 SecurityConne A   JSAS0006I: Security connection interceptor initialized.
[1/7/26 15:48:04:004 UTC] 00000001 ServiceInit   A   JSAS0001I: Security configuration initialized.
[1/7/26 15:48:04:004 UTC] 00000001 ServiceInit   A   JSAS0003I: Authentication mechanism: LTPA
[1/7/26 15:48:04:005 UTC] 00000001 ServiceInit   A   JSAS0004I: Principal name: defaultWIMFileBasedRealm/
[1/7/26 15:48:04:017 UTC] 00000001 CSIClientRI   A   JSAS0007I: Client request interceptor registered.
[1/7/26 15:48:04:048 UTC] 00000001 CSIServerRI   A   JSAS0008I: Server request interceptor registered.
[1/7/26 15:48:04:053 UTC] 00000001 SecurityCompo A   JSAS0009I: IOR interceptor registered.
[1/7/26 15:48:04:308 UTC] 00000001 Version       I   HMGR0226I: The core stack configuration parameter IBM_CS_HAM_PROTOCOL_VERSION has been set to 6.0.2.9.
[1/7/26 15:48:04:310 UTC] 00000001 CoordinatorIm I   HMGR0206I: The Coordinator is an Active Coordinator for core group DefaultCoreGroup. The active coordinator set is [DefaultCell01\DefaultNode01\server1].
[1/7/26 15:48:04:323 UTC] 00000001 DCSPluginSing I   HMGR0005I: The Single Server DCS Core Stack transport has been started for core group DefaultCoreGroup.
[1/7/26 15:48:04:330 UTC] 00000001 CoordinatorCo I   HMGR0011I: The High Availability Manager is configured to be the bulletin board provider. 
[1/7/26 15:48:04:337 UTC] 00000001 DragDropDeplo I   CWLDD0103I: Monitored directory application deployment service has been configured to be off.
[1/7/26 15:48:04:390 UTC] 00000001 NameServerImp A   NMSV0018I: Name server available on bootstrap port 2809.
[1/7/26 15:48:05:074 UTC] 00000001 UserRegistryI A   SECJ0136I: Custom Registry:com.ibm.ws.wim.registry.WIMUserRegistry has been initialized
[1/7/26 15:48:05:096 UTC] 00000001 JMSRegistrati A   WMSG1611I: The installed level of the WebSphere MQ messaging provider is 9.3.0.30.
[1/7/26 15:48:05:099 UTC] 00000001 JMSRegistrati I   WMSG1703I: RAR implementation version 9.3.0.30-p930-030-250618
[1/7/26 15:48:05:119 UTC] 00000001 ObjectPoolSer I   OBPL0010I: The Object Pool service started successfully.
[1/7/26 15:48:06:225 UTC] 00000001 JMXSoapAdapte A   ADMC0013I: The SOAP connector is available at port 8880
[1/7/26 15:48:06:252 UTC] 00000001 TCPChannel    I   TCPC0001I: TCP Channel TCPInboundChannel_ipcc.Default_IPC_Connector_Name is listening on host localhost  (IPv4: 127.0.0.1) port 9633.
[1/7/26 15:48:06:253 UTC] 00000001 WSChannelFram A   CHFW0019I: The Transport Channel Service has started chain IPCCInboundChain.Default_IPC_Connector_Name.
[1/7/26 15:48:06:254 UTC] 00000001 IPCConnectorS I   ADMC0070I: The IPC connector is available at port 9633
[1/7/26 15:48:06:261 UTC] 00000001 distSecurityC I   securityServiceStarted is true
[1/7/26 15:48:06:262 UTC] 00000001 distSecurityC I   SECJ0243I: Security service started successfully
[1/7/26 15:48:06:262 UTC] 00000001 distSecurityC I   SECJ0210I: Security enabled true
[1/7/26 15:48:06:268 UTC] 00000001 J2EEServiceMa I   ASYN0055I: The Work Manager service started successfully.
[1/7/26 15:48:06:309 UTC] 00000001 RecoveryDirec I   CWRLS0010I: Performing recovery processing for local WebSphere server (DefaultCell01\DefaultNode01\server1).
[1/7/26 15:48:06:315 UTC] 00000001 RecoveryDirec I   CWRLS0012I: All persistent services have been directed to perform recovery processing for this WebSphere server (DefaultCell01\DefaultNode01\server1).
[1/7/26 15:48:06:320 UTC] 0000004a LogHandle     I   CWRLS0007I: No existing recovery log files found in /opt/IBM/WebSphere/AppServer/profiles/AppSrv01/tranlog/DefaultCell01/DefaultNode01/server1/transaction/tranlog. Cold starting the recovery log.
[1/7/26 15:48:06:322 UTC] 0000004a LogFileHandle I   CWRLS0006I: Creating new recovery log file /opt/IBM/WebSphere/AppServer/profiles/AppSrv01/tranlog/DefaultCell01/DefaultNode01/server1/transaction/tranlog/log1.
[1/7/26 15:48:06:331 UTC] 0000004a LogFileHandle I   CWRLS0006I: Creating new recovery log file /opt/IBM/WebSphere/AppServer/profiles/AppSrv01/tranlog/DefaultCell01/DefaultNode01/server1/transaction/tranlog/log2.
[1/7/26 15:48:06:399 UTC] 00000001 ResourceMgrIm I   WSVR0049I: Binding built-in-derby-datasource as jdbc/built-in-derby-datasource
[1/7/26 15:48:06:424 UTC] 00000001 ResourceMgrIm I   WSVR0049I: Binding built-in-jms-connectionfactory as jms/built-in-jms-connectionfactory
[1/7/26 15:48:06:431 UTC] 0000004a LogHandle     I   CWRLS0007I: No existing recovery log files found in /opt/IBM/WebSphere/AppServer/profiles/AppSrv01/tranlog/DefaultCell01/DefaultNode01/server1/transaction/partnerlog. Cold starting the recovery log.
[1/7/26 15:48:06:432 UTC] 0000004a LogFileHandle I   CWRLS0006I: Creating new recovery log file /opt/IBM/WebSphere/AppServer/profiles/AppSrv01/tranlog/DefaultCell01/DefaultNode01/server1/transaction/partnerlog/log1.
[1/7/26 15:48:06:435 UTC] 0000004a LogFileHandle I   CWRLS0006I: Creating new recovery log file /opt/IBM/WebSphere/AppServer/profiles/AppSrv01/tranlog/DefaultCell01/DefaultNode01/server1/transaction/partnerlog/log2.
[1/7/26 15:48:06:456 UTC] 0000004a RecoveryManag A   WTRN0132I: Transaction recovery for DefaultCell01\DefaultNode01\server1 initiated with server uuid 9aed998e3affc169a2f089b97ad596455548adb6 and restart epoch 0
[1/7/26 15:48:06:458 UTC] 0000004a RecoveryManag I   WTRN0135I: Transaction service recovering no transactions.
[1/7/26 15:48:06:459 UTC] 0000004a RecoveryManag A   WTRN0134I: Recovering 0 XA resource manager(s) from the transaction partner logs
[1/7/26 15:48:06:461 UTC] 0000004a RecoveryManag A   WTRN0133I: Transaction recovery processing for this server is complete
[1/7/26 15:48:06:524 UTC] 00000001 ResourceMgrIm I   WSVR0049I: Binding AsyncRequestDispatcherWorkManager as wm/ard
[1/7/26 15:48:06:548 UTC] 00000001 ResourceMgrIm I   WSVR0049I: Binding DefaultEJBTimerDataSource as jdbc/DefaultEJBTimerDataSource
[1/7/26 15:48:06:560 UTC] 00000001 ResourceMgrIm I   WSVR0049I: Binding DefaultWorkManager as wm/default
[1/7/26 15:48:06:563 UTC] 00000001 ResourceMgrIm I   WSVR0049I: Binding DefaultTimerManager as tm/default
[1/7/26 15:48:06:576 UTC] 00000001 WorkAreaServi A   ACWA0002I: WorkArea service not enabled on server1.
[1/7/26 15:48:06:581 UTC] 00000001 SOAPAcceptorC I   WSSC1019I: The SOAP Acceptor Channel has been configured.
[1/7/26 15:48:06:592 UTC] 00000001 CacheServiceI I   DYNA1054I: Dynamic Cache (core cache) initialized successfully.
[1/7/26 15:48:06:598 UTC] 00000001 ObjectCacheSe I   DYNA1056I: Dynamic Cache (object cache) initialized successfully.
[1/7/26 15:48:06:623 UTC] 00000001 WebContainer  I com.ibm.ws.webcontainer.internal.WebContainer addExtensionFactory SRVE0239I: Extension Factory [class com.ibm.ws.jaxrs20.wc.ext.JAXRSWebExtFactory] was registered successfully.
[1/7/26 15:48:06:624 UTC] 00000001 WebContainer  I com.ibm.ws.webcontainer.internal.WebContainer addExtensionFactory SRVE0240I: Extension Factory [class com.ibm.ws.jaxrs20.wc.ext.JAXRSWebExtFactory] has been associated with patterns [""].
[1/7/26 15:48:06:656 UTC] 00000001 WebContainer  I com.ibm.ws.webcontainer.internal.WebContainer addExtensionFactory SRVE0239I: Extension Factory [class com.ibm.ws.websvcs.extension.WASAxis2ExtensionFactory] was registered successfully.
[1/7/26 15:48:06:657 UTC] 00000001 WebContainer  I com.ibm.ws.webcontainer.internal.WebContainer addExtensionFactory SRVE0240I: Extension Factory [class com.ibm.ws.websvcs.extension.WASAxis2ExtensionFactory] has been associated with patterns [""].
[1/7/26 15:48:06:657 UTC] 00000001 WebContainer  I com.ibm.ws.webcontainer.internal.WebContainer addExtensionFactory SRVE0239I: Extension Factory [class com.ibm.ws.websvcs.extension.AsyncServletExtensionFactory] was registered successfully.
[1/7/26 15:48:06:658 UTC] 00000001 WebContainer  I com.ibm.ws.webcontainer.internal.WebContainer addExtensionFactory SRVE0240I: Extension Factory [class com.ibm.ws.websvcs.extension.AsyncServletExtensionFactory] has been associated with patterns [""].
[1/7/26 15:48:06:666 UTC] 00000001 WASAxis2Compo I   WSWS7001I: The Axis2 service has been started.
[1/7/26 15:48:06:697 UTC] 00000001 SchedulerServ I   SCHD0031I: The Scheduler Service is starting.
[1/7/26 15:48:06:699 UTC] 00000001 SchedulerServ I   SCHD0001I: The Scheduler Service has started.
[1/7/26 15:48:06:700 UTC] 00000001 JPAComponentI I   CWWJP0028I: The Java Persistence API (JPA) component is starting.
[1/7/26 15:48:06:701 UTC] 00000001 SharedJPAComp I   CWWJP0048I: Initialized the JPA service for the JPA 2.1 specification level.
[1/7/26 15:48:06:705 UTC] 00000001 SharedJPAComp I   CWWJP0006I: The org.eclipse.persistence.jpa.PersistenceProvider class is loaded as the default Java Persistence API (JPA) provider.
[1/7/26 15:48:06:706 UTC] 00000001 JPAComponentI I   CWWJP0017I: The Java Persistence API (JPA) component has started.
[1/7/26 15:48:06:707 UTC] 00000001 JavaMailCompo I   CWRMS0007I: The WebSphere MailSession component is starting.
[1/7/26 15:48:06:707 UTC] 00000001 JavaMailCompo I   CWRMS0009I: The WebSphere MailSession component has started.
[1/7/26 15:48:06:729 UTC] 00000001 ServerCache   I   DYNA1001I: WebSphere Dynamic Cache instance named ws/com.ibm.ws.wssecurity.sctClientCacheMap initialized successfully.
[1/7/26 15:48:06:730 UTC] 00000001 ServerCache   I   DYNA1071I: The cache provider "default" is being used.
[1/7/26 15:48:06:732 UTC] 00000001 ServerCache   I   DYNA1001I: WebSphere Dynamic Cache instance named ws/com.ibm.ws.wssecurity.sctServiceCacheMap initialized successfully.
[1/7/26 15:48:06:733 UTC] 00000001 ServerCache   I   DYNA1071I: The cache provider "default" is being used.
[1/7/26 15:48:06:754 UTC] 00000001 RegistryConfi I   CWXRS0017I: Extension Registry objects storage: /opt/IBM/WebSphere/AppServer/profiles/AppSrv01/temp/DefaultNode01/server1/_extensionregistry
[1/7/26 15:48:06:762 UTC] 00000001 ServerCache   I   DYNA1001I: WebSphere Dynamic Cache instance named ws/com.ibm.workplace/ExtensionRegistryCache initialized successfully.
[1/7/26 15:48:06:762 UTC] 00000001 ServerCache   I   DYNA1071I: The cache provider "default" is being used.
[1/7/26 15:48:06:763 UTC] 00000001 RegistryCache I   CWXRS0002I: DynaCache instance for Extension Registry created with CACHE_SIZE: 5000
[1/7/26 15:48:06:891 UTC] 00000001 WebContainer  I com.ibm.ws.webcontainer.internal.WebContainer addExtensionFactory SRVE0239I: Extension Factory [class com.ibm.ws.container.binding.http.HTTPExtensionFactory] was registered successfully.
[1/7/26 15:48:06:893 UTC] 00000001 WebContainer  I com.ibm.ws.webcontainer.internal.WebContainer addExtensionFactory SRVE0240I: Extension Factory [class com.ibm.ws.container.binding.http.HTTPExtensionFactory] has been associated with patterns [""].
[1/7/26 15:48:06:896 UTC] 00000001 WebContainer  I com.ibm.ws.webcontainer.internal.WebContainer addExtensionFactory SRVE0239I: Extension Factory [class com.ibm.ws.jsf.extprocessor.JSFExtensionFactory] was registered successfully.
[1/7/26 15:48:06:897 UTC] 00000001 WebContainer  I com.ibm.ws.webcontainer.internal.WebContainer addExtensionFactory SRVE0240I: Extension Factory [class com.ibm.ws.jsf.extprocessor.JSFExtensionFactory] has been associated with patterns [""].
[1/7/26 15:48:06:915 UTC] 00000001 WebContainer  I com.ibm.ws.webcontainer.internal.WebContainer addExtensionFactory SRVE0239I: Extension Factory [class com.ibm.ws.portletcontainer.webextension.PortletExtensionFactory] was registered successfully.
[1/7/26 15:48:06:916 UTC] 00000001 WebContainer  I com.ibm.ws.webcontainer.internal.WebContainer addExtensionFactory SRVE0240I: Extension Factory [class com.ibm.ws.portletcontainer.webextension.PortletExtensionFactory] has been associated with patterns [""].
[1/7/26 15:48:06:916 UTC] 00000001 WebContainer  I com.ibm.ws.webcontainer.internal.WebContainer addExtensionFactory SRVE0239I: Extension Factory [class com.ibm.ws.portletcontainer.portletserving.PortletServingExtensionFactory] was registered successfully.
[1/7/26 15:48:06:917 UTC] 00000001 WebContainer  I com.ibm.ws.webcontainer.internal.WebContainer addExtensionFactory SRVE0240I: Extension Factory [class com.ibm.ws.portletcontainer.portletserving.PortletServingExtensionFactory] has been associated with patterns [""].
[1/7/26 15:48:06:920 UTC] 00000001 WebContainer  I com.ibm.ws.webcontainer.internal.WebContainer addExtensionFactory SRVE0239I: Extension Factory [class com.ibm.ws.jsp.webcontainerext.ws.WASJSPExtensionFactory] was registered successfully.
[1/7/26 15:48:06:920 UTC] 00000001 WebContainer  I com.ibm.ws.webcontainer.internal.WebContainer addExtensionFactory SRVE0240I: Extension Factory [class com.ibm.ws.jsp.webcontainerext.ws.WASJSPExtensionFactory] has been associated with patterns [*.jsp *.jspx *.jsw *.jsv ].
[1/7/26 15:48:07:036 UTC] 00000001 WebContainer  I com.ibm.ws.webcontainer.internal.WebContainer addExtensionFactory SRVE0239I: Extension Factory [class com.ibm.ws.ard.extension.ARDExtensionFactory] was registered successfully.
[1/7/26 15:48:07:038 UTC] 00000001 WebContainer  I com.ibm.ws.webcontainer.internal.WebContainer addExtensionFactory SRVE0240I: Extension Factory [class com.ibm.ws.ard.extension.ARDExtensionFactory] has been associated with patterns [""].
[1/7/26 15:48:07:222 UTC] 00000001 ThreadPool    I   WSVR0629I: The request buffer for thread pool "server.startup" has reached its capacity.
[1/7/26 15:48:07:223 UTC] 00000054 ApplicationMg A   WSVR0200I: Starting application: ManagementEJB
[1/7/26 15:48:07:224 UTC] 00000054 ApplicationMg A   WSVR0204I: Application: ManagementEJB  Application build level: Unknown
[1/7/26 15:48:07:224 UTC] 00000055 ApplicationMg A   WSVR0200I: Starting application: filetransferSecured
[1/7/26 15:48:07:226 UTC] 00000055 ApplicationMg A   WSVR0204I: Application: filetransferSecured  Application build level: Unknown
[1/7/26 15:48:07:226 UTC] 00000053 ApplicationMg A   WSVR0200I: Starting application: SchedulerCalendars
[1/7/26 15:48:07:228 UTC] 00000053 ApplicationMg A   WSVR0204I: Application: SchedulerCalendars  Application build level: Unknown
[1/7/26 15:48:07:461 UTC] 00000055 webcontainer  I com.ibm.ws.webcontainer.WSWebContainer initialize SRVE0161I: IBM WebSphere Application Server - Web Container.  Copyright IBM Corp. 1998-2015
[1/7/26 15:48:07:463 UTC] 00000055 webcontainer  I com.ibm.ws.webcontainer.WSWebContainer initialize SRVE0162I: Servlet Specification Level: 3.1
[1/7/26 15:48:07:465 UTC] 00000055 webcontainer  I com.ibm.ws.webcontainer.WSWebContainer initialize SRVE0163I: Supported JSP Specification Level: 2.3
[1/7/26 15:48:07:468 UTC] 00000053 SharedEJBRunt I   WSVR0037I: Starting EJB jar: Calendars.jar
[1/7/26 15:48:07:469 UTC] 00000054 SharedEJBRunt I   WSVR0037I: Starting EJB jar: mejb.jar
[1/7/26 15:48:07:470 UTC] 00000055 collaborator  I com.ibm.ws.webcontainer.collaborator.WebAppSecurityCollaboratorImpl createSecurityCollabImpl using default ejs collaborator since there is nothing in the extension points
[1/7/26 15:48:07:487 UTC] 00000055 AuthConfigFac W   SECJ8032W: AuthConfigFactory implementation is not defined, using the default JASPI factory implementation class: com.ibm.ws.security.jaspi.ProviderRegistry.
[1/7/26 15:48:07:510 UTC] 00000053 WASNameSpaceB I   CNTR0167I: The server is binding the com.ibm.websphere.scheduler.UserCalendarHome interface of the DefaultUserCalendar enterprise bean in the Calendars.jar module of the SchedulerCalendars application.  The binding location is: com/ibm/websphere/scheduler/calendar/DefaultUserCalendarHome
[1/7/26 15:48:07:523 UTC] 00000053 AbstractEJBRu I   CNTR0167I: The server is binding the com.ibm.websphere.scheduler.UserCalendarHome interface of the DefaultUserCalendar enterprise bean in the Calendars.jar module of the SchedulerCalendars application.  The binding location is: java:global/SchedulerCalendars/Calendars/DefaultUserCalendar!com.ibm.websphere.scheduler.UserCalendarHome
[1/7/26 15:48:07:531 UTC] 00000055 webcontainer  I com.ibm.ws.webcontainer.WSWebContainer addVirtualHostExtensionFactory SRVE0239I: Extension Factory [class com.ibm.ws.webcontainer.extension.ExtHandshakeVHostExtensionFactory] was registered successfully.
[1/7/26 15:48:07:531 UTC] 00000055 webcontainer  I com.ibm.ws.webcontainer.WSWebContainer addVirtualHostExtensionFactory SRVE0240I: Extension Factory [class com.ibm.ws.webcontainer.extension.ExtHandshakeVHostExtensionFactory] has been associated with patterns [VH:_WS_EH* ].
[1/7/26 15:48:07:537 UTC] 00000055 webapp        I com.ibm.ws.webcontainer.webapp.WebGroupImpl WebGroup SRVE0169I: Loading Web Module: WebSphere Admin File Transfer Application.
[1/7/26 15:48:07:546 UTC] 00000053 SharedEJBRunt I   WSVR0057I: EJB jar started: Calendars.jar
[1/7/26 15:48:07:551 UTC] 00000054 WASNameSpaceB I   CNTR0167I: The server is binding the javax.management.j2ee.ManagementHome interface of the Management enterprise bean in the mejb.jar module of the ManagementEJB application.  The binding location is: ejb/mgmt/MEJB
[1/7/26 15:48:07:553 UTC] 00000054 AbstractEJBRu I   CNTR0167I: The server is binding the javax.management.j2ee.ManagementHome interface of the Management enterprise bean in the mejb.jar module of the ManagementEJB application.  The binding location is: java:global/ManagementEJB/mejb/Management!javax.management.j2ee.ManagementHome
[1/7/26 15:48:07:564 UTC] 00000054 SharedEJBRunt I   WSVR0057I: EJB jar started: mejb.jar
[1/7/26 15:48:07:577 UTC] 00000055 WASSessionCor I SessionContextRegistry getSessionContext SESN0176I: Will create a new session context for application key admin_host/FileTransfer
[1/7/26 15:48:07:651 UTC] 00000055 ServletWrappe I com.ibm.ws.webcontainer.servlet.ServletWrapper init SRVE0242I: [filetransferSecured] [/FileTransfer] [transfer]: Initialization successful.
[1/7/26 15:48:07:654 UTC] 00000055 webcontainer  I com.ibm.ws.webcontainer.VirtualHostImpl addWebApplication SRVE0250I: Web Module WebSphere Admin File Transfer Application has been bound to admin_host[*:9060,*:9043].
[1/7/26 15:48:07:674 UTC] 00000054 ApplicationMg A   WSVR0221I: Application started: ManagementEJB
[1/7/26 15:48:07:674 UTC] 00000053 ApplicationMg A   WSVR0221I: Application started: SchedulerCalendars
[1/7/26 15:48:07:676 UTC] 00000054 CompositionUn A   WSVR0190I: Starting composition unit WebSphere:cuname=isclite in BLA WebSphere:blaname=isclite.
[1/7/26 15:48:07:676 UTC] 00000053 CompositionUn A   WSVR0190I: Starting composition unit WebSphere:cuname=ibmasyncrsp in BLA WebSphere:blaname=ibmasyncrsp.
[1/7/26 15:48:07:677 UTC] 00000055 ApplicationMg A   WSVR0221I: Application started: filetransferSecured
[1/7/26 15:48:07:677 UTC] 00000055 CompositionUn A   WSVR0190I: Starting composition unit WebSphere:cuname=query in BLA WebSphere:blaname=query.
[1/7/26 15:48:07:754 UTC] 00000054 ApplicationMg A   WSVR0200I: Starting application: isclite
[1/7/26 15:48:07:755 UTC] 00000054 ApplicationMg A   WSVR0203I: Application: isclite  Application build level: WAS90.IM [f5262545.03]
[1/7/26 15:48:07:765 UTC] 00000053 ApplicationMg A   WSVR0200I: Starting application: ibmasyncrsp
[1/7/26 15:48:07:765 UTC] 00000053 ApplicationMg A   WSVR0203I: Application: ibmasyncrsp  Application build level: 1 [3]
[1/7/26 15:48:07:783 UTC] 00000055 ApplicationMg A   WSVR0200I: Starting application: query
[1/7/26 15:48:07:784 UTC] 00000055 ApplicationMg A   WSVR0204I: Application: query  Application build level: Unknown
[1/7/26 15:48:07:911 UTC] 00000053 webapp        I com.ibm.ws.webcontainer.webapp.WebGroupImpl WebGroup SRVE0169I: Loading Web Module: WebSphere ASYNC Response Servlet Application.
[1/7/26 15:48:07:934 UTC] 00000053 WASSessionCor I SessionContextRegistry getSessionContext SESN0176I: Will create a new session context for application key default_host/IBM_WS_SYS_RESPONSESERVLET
[1/7/26 15:48:07:936 UTC] 00000055 Version       Z org.jboss.weld.bootstrap.WeldStartup <clinit> WELD-000900: 2.4.8 (Final)
[1/7/26 15:48:07:962 UTC] 00000053 ServletWrappe I com.ibm.ws.webcontainer.servlet.ServletWrapper init SRVE0242I: [ibmasyncrsp] [/IBM_WS_SYS_RESPONSESERVLET] [rspservlet]: Initialization successful.
[1/7/26 15:48:07:963 UTC] 00000053 webcontainer  I com.ibm.ws.webcontainer.VirtualHostImpl addWebApplication SRVE0250I: Web Module WebSphere ASYNC Response Servlet Application has been bound to default_host[*:9080,*:80,*:9443,*:5060,*:5061,*:443].
[1/7/26 15:48:07:974 UTC] 00000053 ApplicationMg A   WSVR0221I: Application started: ibmasyncrsp
[1/7/26 15:48:07:977 UTC] 00000053 CompositionUn A   WSVR0191I: Composition unit WebSphere:cuname=ibmasyncrsp in BLA WebSphere:blaname=ibmasyncrsp started.
[1/7/26 15:48:07:995 UTC] 00000054 ExtensionPoin I   CWXRS0034I: Extension com.ibm.ws.isc.ibmautogeneratedidentifier1 connected with Extension Point com.ibm.ws.portletcontainer.collaborator-config
[1/7/26 15:48:08:007 UTC] 00000054 webapp        I com.ibm.ws.webcontainer.webapp.WebGroupImpl WebGroup SRVE0169I: Loading Web Module: isclite.
[1/7/26 15:48:08:023 UTC] 00000054 WASSessionCor I SessionProperties shouldSetAndDoLogging SESN0169I: Session Manager found the custom property InvalidateOnUnauthorizedSessionRequestException with value true.
[1/7/26 15:48:08:024 UTC] 00000054 WASSessionCor I SessionContextRegistry getSessionContext SESN0176I: Will create a new session context for application key admin_host/ibm/console
[1/7/26 15:48:08:168 UTC] 00000054 ServletWrappe I com.ibm.ws.webcontainer.servlet.ServletWrapper init SRVE0242I: [isclite] [/ibm/console] [EventInitializer]: Initialization successful.
[1/7/26 15:48:08:170 UTC] 00000054 webcontainer  I com.ibm.ws.webcontainer.VirtualHostImpl addWebApplication SRVE0250I: Web Module isclite has been bound to admin_host[*:9060,*:9043].
[1/7/26 15:48:08:183 UTC] 00000054 webapp        I com.ibm.ws.webcontainer.webapp.WebGroupImpl WebGroup SRVE0169I: Loading Web Module: adminconsole redirector.
[1/7/26 15:48:08:199 UTC] 00000054 WASSessionCor I SessionProperties shouldSetAndDoLogging SESN0169I: Session Manager found the custom property InvalidateOnUnauthorizedSessionRequestException with value true.
[1/7/26 15:48:08:199 UTC] 00000054 WASSessionCor I SessionContextRegistry getSessionContext SESN0176I: Will create a new session context for application key admin_host/admin
[1/7/26 15:48:08:206 UTC] 00000054 webcontainer  I com.ibm.ws.webcontainer.VirtualHostImpl addWebApplication SRVE0250I: Web Module adminconsole redirector has been bound to admin_host[*:9060,*:9043].
[1/7/26 15:48:08:326 UTC] 00000054 webapp        I com.ibm.ws.webcontainer.webapp.WebGroupImpl WebGroup SRVE0169I: Loading Web Module: Integrated Solutions Console.
[1/7/26 15:48:08:346 UTC] 00000054 WASSessionCor I SessionProperties shouldSetAndDoLogging SESN0169I: Session Manager found the custom property InvalidateOnUnauthorizedSessionRequestException with value true.
[1/7/26 15:48:08:347 UTC] 00000054 WASSessionCor I SessionContextRegistry getSessionContext SESN0176I: Will create a new session context for application key admin_host/ISCAdminPortlet
[1/7/26 15:48:08:365 UTC] 00000054 MBeanDescript I   ADMN1216I: One or more methods in Portlet mbean is excluded from access check.
[1/7/26 15:48:08:374 UTC] 00000054 MBeanDescript I   ADMN1216I: One or more methods in PortletApplication mbean is excluded from access check.
[1/7/26 15:48:08:394 UTC] 00000054 webcontainer  I com.ibm.ws.webcontainer.VirtualHostImpl addWebApplication SRVE0250I: Web Module Integrated Solutions Console has been bound to admin_host[*:9060,*:9043].
[1/7/26 15:48:08:416 UTC] 00000054 webapp        I com.ibm.ws.webcontainer.webapp.WebGroupImpl WebGroup SRVE0169I: Loading Web Module: WIM.
[1/7/26 15:48:08:445 UTC] 00000054 WASSessionCor I SessionProperties shouldSetAndDoLogging SESN0169I: Session Manager found the custom property InvalidateOnUnauthorizedSessionRequestException with value true.
[1/7/26 15:48:08:446 UTC] 00000054 WASSessionCor I SessionContextRegistry getSessionContext SESN0176I: Will create a new session context for application key admin_host/wim
[1/7/26 15:48:08:467 UTC] 00000054 webcontainer  I com.ibm.ws.webcontainer.VirtualHostImpl addWebApplication SRVE0250I: Web Module WIM has been bound to admin_host[*:9060,*:9043].
[1/7/26 15:48:08:477 UTC] 00000054 webapp        I com.ibm.ws.webcontainer.webapp.WebGroupImpl WebGroup SRVE0169I: Loading Web Module: WebSphere Application Server.
[1/7/26 15:48:08:490 UTC] 00000054 WASSessionCor I SessionProperties shouldSetAndDoLogging SESN0169I: Session Manager found the custom property InvalidateOnUnauthorizedSessionRequestException with value true.
[1/7/26 15:48:08:491 UTC] 00000054 WASSessionCor I SessionContextRegistry getSessionContext SESN0176I: Will create a new session context for application key admin_host/wasportlet
[1/7/26 15:48:08:505 UTC] 00000054 webcontainer  I com.ibm.ws.webcontainer.VirtualHostImpl addWebApplication SRVE0250I: Web Module WebSphere Application Server has been bound to admin_host[*:9060,*:9043].
[1/7/26 15:48:08:510 UTC] 00000054 ApplicationMg A   WSVR0221I: Application started: isclite
[1/7/26 15:48:08:511 UTC] 00000054 CompositionUn A   WSVR0191I: Composition unit WebSphere:cuname=isclite in BLA WebSphere:blaname=isclite started.
[1/7/26 15:48:08:586 UTC] 00000055 SharedEJBRunt I   WSVR0037I: Starting EJB jar: querybean.jar
[1/7/26 15:48:08:592 UTC] 00000055 WASNameSpaceB I   CNTR0167I: The server is binding the com.ibm.websphere.ejbquery.QueryHome interface of the Query enterprise bean in the querybean.jar module of the query application.  The binding location is: com/ibm/websphere/ejbquery/Query
[1/7/26 15:48:08:594 UTC] 00000055 AbstractEJBRu I   CNTR0167I: The server is binding the com.ibm.websphere.ejbquery.QueryHome interface of the Query enterprise bean in the querybean.jar module of the query application.  The binding location is: java:global/query/querybean/Query!com.ibm.websphere.ejbquery.QueryHome
[1/7/26 15:48:08:597 UTC] 00000055 WASNameSpaceB I   CNTR0167I: The server is binding the com.ibm.websphere.ejbquery.QueryLocalHome interface of the Query enterprise bean in the querybean.jar module of the query application.  The binding location is: ejblocal:com/ibm/websphere/ejbquery/Query
[1/7/26 15:48:08:599 UTC] 00000055 AbstractEJBRu I   CNTR0167I: The server is binding the com.ibm.websphere.ejbquery.QueryLocalHome interface of the Query enterprise bean in the querybean.jar module of the query application.  The binding location is: java:global/query/querybean/Query!com.ibm.websphere.ejbquery.QueryLocalHome
[1/7/26 15:48:08:603 UTC] 00000055 SharedEJBRunt I   WSVR0057I: EJB jar started: querybean.jar
[1/7/26 15:48:08:608 UTC] 00000055 ApplicationMg A   WSVR0221I: Application started: query
[1/7/26 15:48:08:608 UTC] 00000055 CompositionUn A   WSVR0191I: Composition unit WebSphere:cuname=query in BLA WebSphere:blaname=query started.
[1/7/26 15:48:08:616 UTC] 00000001 TCPChannel    I   TCPC0001I: TCP Channel TCP_1 is listening on host *  (IPv6) port 9060.
[1/7/26 15:48:08:623 UTC] 00000001 WSChannelFram A   CHFW0019I: The Transport Channel Service has started chain WCInboundAdmin.
[1/7/26 15:48:08:624 UTC] 00000001 TCPChannel    I   TCPC0001I: TCP Channel TCP_2 is listening on host *  (IPv6) port 9080.
[1/7/26 15:48:08:626 UTC] 00000001 WSChannelFram A   CHFW0019I: The Transport Channel Service has started chain WCInboundDefault.
[1/7/26 15:48:08:628 UTC] 00000001 WSChannelFram A   CHFW0019I: The Transport Channel Service has started chain HttpQueueInboundDefault.
[1/7/26 15:48:08:629 UTC] 00000001 TCPChannel    I   TCPC0001I: TCP Channel TCP_4 is listening on host *  (IPv6) port 9443.
[1/7/26 15:48:08:630 UTC] 00000001 WSChannelFram A   CHFW0019I: The Transport Channel Service has started chain HttpQueueInboundDefaultSecure.
[1/7/26 15:48:08:631 UTC] 00000001 TCPChannel    I   TCPC0001I: TCP Channel TCP_3 is listening on host *  (IPv6) port 9043.
[1/7/26 15:48:08:632 UTC] 00000001 WSChannelFram A   CHFW0019I: The Transport Channel Service has started chain WCInboundAdminSecure.
[1/7/26 15:48:08:633 UTC] 00000001 WSChannelFram A   CHFW0019I: The Transport Channel Service has started chain WCInboundDefaultSecure.
[1/7/26 15:48:08:634 UTC] 00000001 WSChannelFram A   CHFW0019I: The Transport Channel Service has started chain SOAPAcceptorChain1.
[1/7/26 15:48:08:635 UTC] 00000001 WSChannelFram A   CHFW0019I: The Transport Channel Service has started chain SOAPAcceptorChain2.
[1/7/26 15:48:08:635 UTC] 00000001 WSChannelFram A   CHFW0019I: The Transport Channel Service has started chain SOAPAcceptorChain3.
[1/7/26 15:48:08:636 UTC] 00000001 WSChannelFram A   CHFW0019I: The Transport Channel Service has started chain SOAPAcceptorChain4.
[1/7/26 15:48:08:636 UTC] 00000001 WSChannelFram A   CHFW0019I: The Transport Channel Service has started chain SOAPAcceptorChain5.
[1/7/26 15:48:08:637 UTC] 00000001 WSChannelFram A   CHFW0019I: The Transport Channel Service has started chain SOAPAcceptorChain6.
[1/7/26 15:48:08:637 UTC] 00000001 webcontainer  I com.ibm.ws.webcontainer.WSWebContainer startChains SRVE0323I: The Asynchronous Request Dispatcher is not enabled. Requests sent through either the HttpQueueInboundDefault or the HttpQueueInboundDefaultSecure chain might not be properly handled.
[1/7/26 15:48:08:638 UTC] 00000053 SchedulerServ I   SCHD0077I: The Scheduler Service is starting the Schedulers.
[1/7/26 15:48:08:639 UTC] 00000053 SchedulerServ I   SCHD0078I: The Scheduler Service has completed starting the Schedulers.
[1/7/26 15:48:08:666 UTC] 00000001 GridConfigura I   CWLRB5873I: The GridConfiguratorMBean was activated successfully.
[1/7/26 15:48:08:671 UTC] 00000001 BatchSensorCo I   CWLRB5904I: BatchSensorComponent starting...
[1/7/26 15:48:08:682 UTC] 00000001 BatchSensorCo I   CWLRB5905I: Successfully activated GridEndpointSensorMBean.
[1/7/26 15:48:08:693 UTC] 00000001 RMIConnectorC A   ADMC0026I: The RMI Connector is available at port 2809
[1/7/26 15:48:08:699 UTC] 00000001 JMXConnectors I   ADMC0058I: The JMX JSR160RMI connector is available at port 2809
[1/7/26 15:48:08:736 UTC] 00000001 WsServerImpl  A   WSVR0001I: Server server1 open for e-business
